/beegfs/HPCscratch/kreuer/CAMDA_25/generators/EmbeddedDiffusion/main.py:180: FutureWarning: Downcasting behavior in `replace` is deprecated and will be removed in a future version. To retain the old behavior, explicitly call `result.infer_objects(copy=False)`. To opt-in to the future behavior, set `pd.set_option('future.no_silent_downcasting', True)`
  y_numpy = y_train.replace(
embedded_diffusion
Using 8 groups for GroupNorm
Using 8 groups for GroupNorm
Applying SMOTE to balance the dataset...
Class distribution before SMOTE: Counter({4: 736, 0: 360, 9: 346, 6: 337, 1: 333, 10: 308, 5: 282, 2: 250, 8: 193, 3: 124, 7: 120, 11: 69})
Class distribution after SMOTE: Counter({0: 3000, 1: 3000, 2: 3000, 3: 3000, 4: 3000, 5: 3000, 6: 3000, 7: 3000, 8: 3000, 10: 3000, 9: 3000, 11: 3000})
Epoch 0/300, Average Loss: 1.080829, Learning Rate: 0.000040
New best model with loss: 1.080829
Epoch 1/300, Average Loss: 0.685526, Learning Rate: 0.000041
New best model with loss: 0.685526
Epoch 2/300, Average Loss: 0.336163, Learning Rate: 0.000043
New best model with loss: 0.336163
Epoch 3/300, Average Loss: 0.216939, Learning Rate: 0.000046
New best model with loss: 0.216939
Epoch 4/300, Average Loss: 0.176148, Learning Rate: 0.000050
New best model with loss: 0.176148
Epoch 5/300, Average Loss: 0.171547, Learning Rate: 0.000056
New best model with loss: 0.171547
Epoch 6/300, Average Loss: 0.171894, Learning Rate: 0.000063
No improvement for 1 epochs. Best loss: 0.171547
Epoch 7/300, Average Loss: 0.168885, Learning Rate: 0.000072
New best model with loss: 0.168885
Epoch 8/300, Average Loss: 0.166966, Learning Rate: 0.000081
New best model with loss: 0.166966
Epoch 9/300, Average Loss: 0.169740, Learning Rate: 0.000092
No improvement for 1 epochs. Best loss: 0.166966
Epoch 10/300, Average Loss: 0.169415, Learning Rate: 0.000104
No improvement for 2 epochs. Best loss: 0.166966
Epoch 11/300, Average Loss: 0.171701, Learning Rate: 0.000117
No improvement for 3 epochs. Best loss: 0.166966
Epoch 12/300, Average Loss: 0.169131, Learning Rate: 0.000132
No improvement for 4 epochs. Best loss: 0.166966
Epoch 13/300, Average Loss: 0.169967, Learning Rate: 0.000147
No improvement for 5 epochs. Best loss: 0.166966
Epoch 14/300, Average Loss: 0.171809, Learning Rate: 0.000163
No improvement for 6 epochs. Best loss: 0.166966
Epoch 15/300, Average Loss: 0.173382, Learning Rate: 0.000181
No improvement for 7 epochs. Best loss: 0.166966
Epoch 16/300, Average Loss: 0.171223, Learning Rate: 0.000199
No improvement for 8 epochs. Best loss: 0.166966
Epoch 17/300, Average Loss: 0.171598, Learning Rate: 0.000218
No improvement for 9 epochs. Best loss: 0.166966
Epoch 18/300, Average Loss: 0.172994, Learning Rate: 0.000238
No improvement for 10 epochs. Best loss: 0.166966
Epoch 19/300, Average Loss: 0.171934, Learning Rate: 0.000259
No improvement for 11 epochs. Best loss: 0.166966
Epoch 20/300, Average Loss: 0.170507, Learning Rate: 0.000280
No improvement for 12 epochs. Best loss: 0.166966
Epoch 21/300, Average Loss: 0.168052, Learning Rate: 0.000302
No improvement for 13 epochs. Best loss: 0.166966
Epoch 22/300, Average Loss: 0.168799, Learning Rate: 0.000325
No improvement for 14 epochs. Best loss: 0.166966
Epoch 23/300, Average Loss: 0.166456, Learning Rate: 0.000348
New best model with loss: 0.166456
Epoch 24/300, Average Loss: 0.165060, Learning Rate: 0.000372
New best model with loss: 0.165060
Epoch 25/300, Average Loss: 0.162779, Learning Rate: 0.000396
New best model with loss: 0.162779
Epoch 26/300, Average Loss: 0.160736, Learning Rate: 0.000420
New best model with loss: 0.160736
Epoch 27/300, Average Loss: 0.156734, Learning Rate: 0.000445
New best model with loss: 0.156734
Epoch 28/300, Average Loss: 0.151534, Learning Rate: 0.000470
New best model with loss: 0.151534
Epoch 29/300, Average Loss: 0.147852, Learning Rate: 0.000495
New best model with loss: 0.147852
Epoch 30/300, Average Loss: 0.147553, Learning Rate: 0.000520
New best model with loss: 0.147553
Epoch 31/300, Average Loss: 0.143763, Learning Rate: 0.000545
New best model with loss: 0.143763
Epoch 32/300, Average Loss: 0.142737, Learning Rate: 0.000570
New best model with loss: 0.142737
Epoch 33/300, Average Loss: 0.140347, Learning Rate: 0.000595
New best model with loss: 0.140347
Epoch 34/300, Average Loss: 0.142732, Learning Rate: 0.000620
No improvement for 1 epochs. Best loss: 0.140347
Epoch 35/300, Average Loss: 0.139869, Learning Rate: 0.000644
New best model with loss: 0.139869
Epoch 36/300, Average Loss: 0.136958, Learning Rate: 0.000668
New best model with loss: 0.136958
Epoch 37/300, Average Loss: 0.137252, Learning Rate: 0.000692
No improvement for 1 epochs. Best loss: 0.136958
Epoch 38/300, Average Loss: 0.135845, Learning Rate: 0.000715
New best model with loss: 0.135845
Epoch 39/300, Average Loss: 0.134614, Learning Rate: 0.000738
New best model with loss: 0.134614
Epoch 40/300, Average Loss: 0.136704, Learning Rate: 0.000760
No improvement for 1 epochs. Best loss: 0.134614
Epoch 41/300, Average Loss: 0.133538, Learning Rate: 0.000781
New best model with loss: 0.133538
Epoch 42/300, Average Loss: 0.133120, Learning Rate: 0.000802
New best model with loss: 0.133120
Epoch 43/300, Average Loss: 0.132004, Learning Rate: 0.000822
New best model with loss: 0.132004
Epoch 44/300, Average Loss: 0.132177, Learning Rate: 0.000841
No improvement for 1 epochs. Best loss: 0.132004
Epoch 45/300, Average Loss: 0.130083, Learning Rate: 0.000859
New best model with loss: 0.130083
Epoch 46/300, Average Loss: 0.129503, Learning Rate: 0.000877
New best model with loss: 0.129503
Epoch 47/300, Average Loss: 0.128846, Learning Rate: 0.000893
New best model with loss: 0.128846
Epoch 48/300, Average Loss: 0.128086, Learning Rate: 0.000908
New best model with loss: 0.128086
Epoch 49/300, Average Loss: 0.127233, Learning Rate: 0.000923
New best model with loss: 0.127233
Epoch 50/300, Average Loss: 0.127540, Learning Rate: 0.000936
No improvement for 1 epochs. Best loss: 0.127233
Epoch 51/300, Average Loss: 0.127147, Learning Rate: 0.000948
No improvement for 2 epochs. Best loss: 0.127233
Epoch 52/300, Average Loss: 0.125768, Learning Rate: 0.000959
New best model with loss: 0.125768
Epoch 53/300, Average Loss: 0.125139, Learning Rate: 0.000968
New best model with loss: 0.125139
Epoch 54/300, Average Loss: 0.124989, Learning Rate: 0.000977
New best model with loss: 0.124989
Epoch 55/300, Average Loss: 0.123487, Learning Rate: 0.000984
New best model with loss: 0.123487
Epoch 56/300, Average Loss: 0.123457, Learning Rate: 0.000990
No improvement for 1 epochs. Best loss: 0.123487
Epoch 57/300, Average Loss: 0.123656, Learning Rate: 0.000994
No improvement for 2 epochs. Best loss: 0.123487
Epoch 58/300, Average Loss: 0.121773, Learning Rate: 0.000997
New best model with loss: 0.121773
Epoch 59/300, Average Loss: 0.121127, Learning Rate: 0.000999
New best model with loss: 0.121127
Epoch 60/300, Average Loss: 0.120938, Learning Rate: 0.001000
New best model with loss: 0.120938
Epoch 61/300, Average Loss: 0.121068, Learning Rate: 0.001000
No improvement for 1 epochs. Best loss: 0.120938
Epoch 62/300, Average Loss: 0.121224, Learning Rate: 0.001000
No improvement for 2 epochs. Best loss: 0.120938
Epoch 63/300, Average Loss: 0.119146, Learning Rate: 0.001000
New best model with loss: 0.119146
Epoch 64/300, Average Loss: 0.118776, Learning Rate: 0.000999
New best model with loss: 0.118776
Epoch 65/300, Average Loss: 0.119406, Learning Rate: 0.000999
No improvement for 1 epochs. Best loss: 0.118776
Epoch 66/300, Average Loss: 0.119607, Learning Rate: 0.000998
No improvement for 2 epochs. Best loss: 0.118776
Epoch 67/300, Average Loss: 0.117784, Learning Rate: 0.000998
New best model with loss: 0.117784
Epoch 68/300, Average Loss: 0.117355, Learning Rate: 0.000997
New best model with loss: 0.117355
Epoch 69/300, Average Loss: 0.117090, Learning Rate: 0.000997
New best model with loss: 0.117090
Epoch 70/300, Average Loss: 0.117577, Learning Rate: 0.000996
No improvement for 1 epochs. Best loss: 0.117090
Epoch 71/300, Average Loss: 0.115785, Learning Rate: 0.000995
New best model with loss: 0.115785
Epoch 72/300, Average Loss: 0.114676, Learning Rate: 0.000994
New best model with loss: 0.114676
Epoch 73/300, Average Loss: 0.116525, Learning Rate: 0.000993
No improvement for 1 epochs. Best loss: 0.114676
Epoch 74/300, Average Loss: 0.116851, Learning Rate: 0.000992
No improvement for 2 epochs. Best loss: 0.114676
Epoch 75/300, Average Loss: 0.115074, Learning Rate: 0.000990
No improvement for 3 epochs. Best loss: 0.114676
Epoch 76/300, Average Loss: 0.115234, Learning Rate: 0.000989
No improvement for 4 epochs. Best loss: 0.114676
Epoch 77/300, Average Loss: 0.115651, Learning Rate: 0.000988
No improvement for 5 epochs. Best loss: 0.114676
Epoch 78/300, Average Loss: 0.113974, Learning Rate: 0.000986
New best model with loss: 0.113974
Epoch 79/300, Average Loss: 0.114093, Learning Rate: 0.000985
No improvement for 1 epochs. Best loss: 0.113974
Epoch 80/300, Average Loss: 0.112707, Learning Rate: 0.000983
New best model with loss: 0.112707
Epoch 81/300, Average Loss: 0.111908, Learning Rate: 0.000981
New best model with loss: 0.111908
Epoch 82/300, Average Loss: 0.114524, Learning Rate: 0.000979
No improvement for 1 epochs. Best loss: 0.111908
Epoch 83/300, Average Loss: 0.112984, Learning Rate: 0.000978
No improvement for 2 epochs. Best loss: 0.111908
Epoch 84/300, Average Loss: 0.114267, Learning Rate: 0.000976
No improvement for 3 epochs. Best loss: 0.111908
Epoch 85/300, Average Loss: 0.113536, Learning Rate: 0.000974
No improvement for 4 epochs. Best loss: 0.111908
Epoch 86/300, Average Loss: 0.111138, Learning Rate: 0.000971
New best model with loss: 0.111138
Epoch 87/300, Average Loss: 0.112551, Learning Rate: 0.000969
No improvement for 1 epochs. Best loss: 0.111138
Epoch 88/300, Average Loss: 0.111478, Learning Rate: 0.000967
No improvement for 2 epochs. Best loss: 0.111138
Epoch 89/300, Average Loss: 0.112332, Learning Rate: 0.000964
No improvement for 3 epochs. Best loss: 0.111138
Epoch 90/300, Average Loss: 0.112611, Learning Rate: 0.000962
No improvement for 4 epochs. Best loss: 0.111138
Epoch 91/300, Average Loss: 0.110621, Learning Rate: 0.000959
New best model with loss: 0.110621
Epoch 92/300, Average Loss: 0.112648, Learning Rate: 0.000957
No improvement for 1 epochs. Best loss: 0.110621
Epoch 93/300, Average Loss: 0.111369, Learning Rate: 0.000954
No improvement for 2 epochs. Best loss: 0.110621
Epoch 94/300, Average Loss: 0.110161, Learning Rate: 0.000951
New best model with loss: 0.110161
Epoch 95/300, Average Loss: 0.110662, Learning Rate: 0.000949
No improvement for 1 epochs. Best loss: 0.110161
Epoch 96/300, Average Loss: 0.110695, Learning Rate: 0.000946
No improvement for 2 epochs. Best loss: 0.110161
Epoch 97/300, Average Loss: 0.111322, Learning Rate: 0.000943
No improvement for 3 epochs. Best loss: 0.110161
Epoch 98/300, Average Loss: 0.109648, Learning Rate: 0.000940
New best model with loss: 0.109648
Epoch 99/300, Average Loss: 0.109739, Learning Rate: 0.000936
No improvement for 1 epochs. Best loss: 0.109648
Epoch 100/300, Average Loss: 0.109478, Learning Rate: 0.000933
New best model with loss: 0.109478
Epoch 101/300, Average Loss: 0.108554, Learning Rate: 0.000930
New best model with loss: 0.108554
Epoch 102/300, Average Loss: 0.106917, Learning Rate: 0.000926
New best model with loss: 0.106917
Epoch 103/300, Average Loss: 0.109985, Learning Rate: 0.000923
No improvement for 1 epochs. Best loss: 0.106917
Epoch 104/300, Average Loss: 0.107343, Learning Rate: 0.000919
No improvement for 2 epochs. Best loss: 0.106917
Epoch 105/300, Average Loss: 0.106264, Learning Rate: 0.000916
New best model with loss: 0.106264
Epoch 106/300, Average Loss: 0.107748, Learning Rate: 0.000912
No improvement for 1 epochs. Best loss: 0.106264
Epoch 107/300, Average Loss: 0.107988, Learning Rate: 0.000908
No improvement for 2 epochs. Best loss: 0.106264
Epoch 108/300, Average Loss: 0.106835, Learning Rate: 0.000905
No improvement for 3 epochs. Best loss: 0.106264
Epoch 109/300, Average Loss: 0.107761, Learning Rate: 0.000901
No improvement for 4 epochs. Best loss: 0.106264
Epoch 110/300, Average Loss: 0.108028, Learning Rate: 0.000897
No improvement for 5 epochs. Best loss: 0.106264
Epoch 111/300, Average Loss: 0.108384, Learning Rate: 0.000893
No improvement for 6 epochs. Best loss: 0.106264
Epoch 112/300, Average Loss: 0.107324, Learning Rate: 0.000889
No improvement for 7 epochs. Best loss: 0.106264
Epoch 113/300, Average Loss: 0.106630, Learning Rate: 0.000885
No improvement for 8 epochs. Best loss: 0.106264
Epoch 114/300, Average Loss: 0.108014, Learning Rate: 0.000880
No improvement for 9 epochs. Best loss: 0.106264
Epoch 115/300, Average Loss: 0.106492, Learning Rate: 0.000876
No improvement for 10 epochs. Best loss: 0.106264
Epoch 116/300, Average Loss: 0.107074, Learning Rate: 0.000872
No improvement for 11 epochs. Best loss: 0.106264
Epoch 117/300, Average Loss: 0.107319, Learning Rate: 0.000867
No improvement for 12 epochs. Best loss: 0.106264
Epoch 118/300, Average Loss: 0.106430, Learning Rate: 0.000863
No improvement for 13 epochs. Best loss: 0.106264
Epoch 119/300, Average Loss: 0.106782, Learning Rate: 0.000858
No improvement for 14 epochs. Best loss: 0.106264
Epoch 120/300, Average Loss: 0.105820, Learning Rate: 0.000854
New best model with loss: 0.105820
Epoch 121/300, Average Loss: 0.105811, Learning Rate: 0.000849
No improvement for 1 epochs. Best loss: 0.105820
Epoch 122/300, Average Loss: 0.105501, Learning Rate: 0.000844
New best model with loss: 0.105501
Epoch 123/300, Average Loss: 0.106077, Learning Rate: 0.000840
No improvement for 1 epochs. Best loss: 0.105501
Epoch 124/300, Average Loss: 0.105613, Learning Rate: 0.000835
No improvement for 2 epochs. Best loss: 0.105501
Epoch 125/300, Average Loss: 0.104857, Learning Rate: 0.000830
New best model with loss: 0.104857
Epoch 126/300, Average Loss: 0.105548, Learning Rate: 0.000825
No improvement for 1 epochs. Best loss: 0.104857
Epoch 127/300, Average Loss: 0.104062, Learning Rate: 0.000820
New best model with loss: 0.104062
Epoch 128/300, Average Loss: 0.104410, Learning Rate: 0.000815
No improvement for 1 epochs. Best loss: 0.104062
Epoch 129/300, Average Loss: 0.104318, Learning Rate: 0.000810
No improvement for 2 epochs. Best loss: 0.104062
Epoch 130/300, Average Loss: 0.105519, Learning Rate: 0.000805
No improvement for 3 epochs. Best loss: 0.104062
Epoch 131/300, Average Loss: 0.104150, Learning Rate: 0.000799
No improvement for 4 epochs. Best loss: 0.104062
Epoch 132/300, Average Loss: 0.105293, Learning Rate: 0.000794
No improvement for 5 epochs. Best loss: 0.104062
Epoch 133/300, Average Loss: 0.104180, Learning Rate: 0.000789
No improvement for 6 epochs. Best loss: 0.104062
Epoch 134/300, Average Loss: 0.104070, Learning Rate: 0.000784
No improvement for 7 epochs. Best loss: 0.104062
Epoch 135/300, Average Loss: 0.103689, Learning Rate: 0.000778
New best model with loss: 0.103689
Epoch 136/300, Average Loss: 0.103743, Learning Rate: 0.000773
No improvement for 1 epochs. Best loss: 0.103689
Epoch 137/300, Average Loss: 0.103153, Learning Rate: 0.000767
New best model with loss: 0.103153
Epoch 138/300, Average Loss: 0.105036, Learning Rate: 0.000762
No improvement for 1 epochs. Best loss: 0.103153
Epoch 139/300, Average Loss: 0.105043, Learning Rate: 0.000756
No improvement for 2 epochs. Best loss: 0.103153
Epoch 140/300, Average Loss: 0.102074, Learning Rate: 0.000750
New best model with loss: 0.102074
Epoch 141/300, Average Loss: 0.103255, Learning Rate: 0.000745
No improvement for 1 epochs. Best loss: 0.102074
Epoch 142/300, Average Loss: 0.101946, Learning Rate: 0.000739
New best model with loss: 0.101946
Epoch 143/300, Average Loss: 0.103390, Learning Rate: 0.000733
No improvement for 1 epochs. Best loss: 0.101946
Epoch 144/300, Average Loss: 0.103113, Learning Rate: 0.000727
No improvement for 2 epochs. Best loss: 0.101946
Epoch 145/300, Average Loss: 0.102059, Learning Rate: 0.000722
No improvement for 3 epochs. Best loss: 0.101946
Epoch 146/300, Average Loss: 0.101584, Learning Rate: 0.000716
New best model with loss: 0.101584
Epoch 147/300, Average Loss: 0.102553, Learning Rate: 0.000710
No improvement for 1 epochs. Best loss: 0.101584
Epoch 148/300, Average Loss: 0.100845, Learning Rate: 0.000704
New best model with loss: 0.100845
Epoch 149/300, Average Loss: 0.102913, Learning Rate: 0.000698
No improvement for 1 epochs. Best loss: 0.100845
Epoch 150/300, Average Loss: 0.102146, Learning Rate: 0.000692
No improvement for 2 epochs. Best loss: 0.100845
Epoch 151/300, Average Loss: 0.099493, Learning Rate: 0.000686
New best model with loss: 0.099493
Epoch 152/300, Average Loss: 0.102201, Learning Rate: 0.000680
No improvement for 1 epochs. Best loss: 0.099493
Epoch 153/300, Average Loss: 0.101751, Learning Rate: 0.000674
No improvement for 2 epochs. Best loss: 0.099493
Epoch 154/300, Average Loss: 0.100264, Learning Rate: 0.000667
No improvement for 3 epochs. Best loss: 0.099493
Epoch 155/300, Average Loss: 0.101548, Learning Rate: 0.000661
No improvement for 4 epochs. Best loss: 0.099493
Epoch 156/300, Average Loss: 0.099369, Learning Rate: 0.000655
New best model with loss: 0.099369
Epoch 157/300, Average Loss: 0.102969, Learning Rate: 0.000649
No improvement for 1 epochs. Best loss: 0.099369
Epoch 158/300, Average Loss: 0.100911, Learning Rate: 0.000643
No improvement for 2 epochs. Best loss: 0.099369
Epoch 159/300, Average Loss: 0.100927, Learning Rate: 0.000636
No improvement for 3 epochs. Best loss: 0.099369
Epoch 160/300, Average Loss: 0.097801, Learning Rate: 0.000630
New best model with loss: 0.097801
Epoch 161/300, Average Loss: 0.102131, Learning Rate: 0.000624
No improvement for 1 epochs. Best loss: 0.097801
Epoch 162/300, Average Loss: 0.101126, Learning Rate: 0.000617
No improvement for 2 epochs. Best loss: 0.097801
Epoch 163/300, Average Loss: 0.100535, Learning Rate: 0.000611
No improvement for 3 epochs. Best loss: 0.097801
Epoch 164/300, Average Loss: 0.098545, Learning Rate: 0.000605
No improvement for 4 epochs. Best loss: 0.097801
Epoch 165/300, Average Loss: 0.098899, Learning Rate: 0.000598
No improvement for 5 epochs. Best loss: 0.097801
Epoch 166/300, Average Loss: 0.099611, Learning Rate: 0.000592
No improvement for 6 epochs. Best loss: 0.097801
Epoch 167/300, Average Loss: 0.099802, Learning Rate: 0.000585
No improvement for 7 epochs. Best loss: 0.097801
Epoch 168/300, Average Loss: 0.098267, Learning Rate: 0.000579
No improvement for 8 epochs. Best loss: 0.097801
Epoch 169/300, Average Loss: 0.099148, Learning Rate: 0.000572
No improvement for 9 epochs. Best loss: 0.097801
Epoch 170/300, Average Loss: 0.098062, Learning Rate: 0.000566
No improvement for 10 epochs. Best loss: 0.097801
Epoch 171/300, Average Loss: 0.098021, Learning Rate: 0.000559
No improvement for 11 epochs. Best loss: 0.097801
Epoch 172/300, Average Loss: 0.099850, Learning Rate: 0.000553
No improvement for 12 epochs. Best loss: 0.097801
Epoch 173/300, Average Loss: 0.098225, Learning Rate: 0.000546
No improvement for 13 epochs. Best loss: 0.097801
Epoch 174/300, Average Loss: 0.097756, Learning Rate: 0.000540
No improvement for 14 epochs. Best loss: 0.097801
Epoch 175/300, Average Loss: 0.099363, Learning Rate: 0.000533
No improvement for 15 epochs. Best loss: 0.097801
Epoch 176/300, Average Loss: 0.098118, Learning Rate: 0.000527
No improvement for 16 epochs. Best loss: 0.097801
Epoch 177/300, Average Loss: 0.099765, Learning Rate: 0.000520
No improvement for 17 epochs. Best loss: 0.097801
Epoch 178/300, Average Loss: 0.097683, Learning Rate: 0.000514
New best model with loss: 0.097683
Epoch 179/300, Average Loss: 0.096447, Learning Rate: 0.000507
New best model with loss: 0.096447
Epoch 180/300, Average Loss: 0.096785, Learning Rate: 0.000501
No improvement for 1 epochs. Best loss: 0.096447
Epoch 181/300, Average Loss: 0.096539, Learning Rate: 0.000494
No improvement for 2 epochs. Best loss: 0.096447
Epoch 182/300, Average Loss: 0.096614, Learning Rate: 0.000488
No improvement for 3 epochs. Best loss: 0.096447
Epoch 183/300, Average Loss: 0.097215, Learning Rate: 0.000481
No improvement for 4 epochs. Best loss: 0.096447
Epoch 184/300, Average Loss: 0.097772, Learning Rate: 0.000475
No improvement for 5 epochs. Best loss: 0.096447
Epoch 185/300, Average Loss: 0.097316, Learning Rate: 0.000468
No improvement for 6 epochs. Best loss: 0.096447
Epoch 186/300, Average Loss: 0.096748, Learning Rate: 0.000462
No improvement for 7 epochs. Best loss: 0.096447
Epoch 187/300, Average Loss: 0.094626, Learning Rate: 0.000455
New best model with loss: 0.094626
Epoch 188/300, Average Loss: 0.094938, Learning Rate: 0.000449
No improvement for 1 epochs. Best loss: 0.094626
Epoch 189/300, Average Loss: 0.096715, Learning Rate: 0.000442
No improvement for 2 epochs. Best loss: 0.094626
Epoch 190/300, Average Loss: 0.096380, Learning Rate: 0.000436
No improvement for 3 epochs. Best loss: 0.094626
Epoch 191/300, Average Loss: 0.095928, Learning Rate: 0.000429
No improvement for 4 epochs. Best loss: 0.094626
Epoch 192/300, Average Loss: 0.095747, Learning Rate: 0.000423
No improvement for 5 epochs. Best loss: 0.094626
Epoch 193/300, Average Loss: 0.095628, Learning Rate: 0.000416
No improvement for 6 epochs. Best loss: 0.094626
Epoch 194/300, Average Loss: 0.094855, Learning Rate: 0.000410
No improvement for 7 epochs. Best loss: 0.094626
Epoch 195/300, Average Loss: 0.095545, Learning Rate: 0.000403
No improvement for 8 epochs. Best loss: 0.094626
Epoch 196/300, Average Loss: 0.095716, Learning Rate: 0.000397
No improvement for 9 epochs. Best loss: 0.094626
Epoch 197/300, Average Loss: 0.097051, Learning Rate: 0.000391
No improvement for 10 epochs. Best loss: 0.094626
Epoch 198/300, Average Loss: 0.096003, Learning Rate: 0.000384
No improvement for 11 epochs. Best loss: 0.094626
Epoch 199/300, Average Loss: 0.094941, Learning Rate: 0.000378
No improvement for 12 epochs. Best loss: 0.094626
Epoch 200/300, Average Loss: 0.094997, Learning Rate: 0.000372
No improvement for 13 epochs. Best loss: 0.094626
Epoch 201/300, Average Loss: 0.094347, Learning Rate: 0.000365
New best model with loss: 0.094347
Epoch 202/300, Average Loss: 0.094915, Learning Rate: 0.000359
No improvement for 1 epochs. Best loss: 0.094347
Epoch 203/300, Average Loss: 0.096232, Learning Rate: 0.000353
No improvement for 2 epochs. Best loss: 0.094347
Epoch 204/300, Average Loss: 0.095148, Learning Rate: 0.000347
No improvement for 3 epochs. Best loss: 0.094347
Epoch 205/300, Average Loss: 0.093897, Learning Rate: 0.000340
New best model with loss: 0.093897
Epoch 206/300, Average Loss: 0.094070, Learning Rate: 0.000334
No improvement for 1 epochs. Best loss: 0.093897
Epoch 207/300, Average Loss: 0.094604, Learning Rate: 0.000328
No improvement for 2 epochs. Best loss: 0.093897
Epoch 208/300, Average Loss: 0.094067, Learning Rate: 0.000322
No improvement for 3 epochs. Best loss: 0.093897
Epoch 209/300, Average Loss: 0.094624, Learning Rate: 0.000316
No improvement for 4 epochs. Best loss: 0.093897
Epoch 210/300, Average Loss: 0.095040, Learning Rate: 0.000310
No improvement for 5 epochs. Best loss: 0.093897
Epoch 211/300, Average Loss: 0.093332, Learning Rate: 0.000304
New best model with loss: 0.093332
Epoch 212/300, Average Loss: 0.093789, Learning Rate: 0.000298
No improvement for 1 epochs. Best loss: 0.093332
Epoch 213/300, Average Loss: 0.093104, Learning Rate: 0.000292
New best model with loss: 0.093104
Epoch 214/300, Average Loss: 0.094803, Learning Rate: 0.000286
No improvement for 1 epochs. Best loss: 0.093104
Epoch 215/300, Average Loss: 0.093993, Learning Rate: 0.000280
No improvement for 2 epochs. Best loss: 0.093104
Epoch 216/300, Average Loss: 0.093469, Learning Rate: 0.000274
No improvement for 3 epochs. Best loss: 0.093104
Epoch 217/300, Average Loss: 0.093678, Learning Rate: 0.000268
No improvement for 4 epochs. Best loss: 0.093104
Epoch 218/300, Average Loss: 0.092265, Learning Rate: 0.000263
New best model with loss: 0.092265
Epoch 219/300, Average Loss: 0.092909, Learning Rate: 0.000257
No improvement for 1 epochs. Best loss: 0.092265
Epoch 220/300, Average Loss: 0.092382, Learning Rate: 0.000251
No improvement for 2 epochs. Best loss: 0.092265
Epoch 221/300, Average Loss: 0.093099, Learning Rate: 0.000246
No improvement for 3 epochs. Best loss: 0.092265
Epoch 222/300, Average Loss: 0.093847, Learning Rate: 0.000240
No improvement for 4 epochs. Best loss: 0.092265
Epoch 223/300, Average Loss: 0.092843, Learning Rate: 0.000234
No improvement for 5 epochs. Best loss: 0.092265
Epoch 224/300, Average Loss: 0.092720, Learning Rate: 0.000229
No improvement for 6 epochs. Best loss: 0.092265
Epoch 225/300, Average Loss: 0.094329, Learning Rate: 0.000223
No improvement for 7 epochs. Best loss: 0.092265
Epoch 226/300, Average Loss: 0.092229, Learning Rate: 0.000218
No improvement for 8 epochs. Best loss: 0.092265
Epoch 227/300, Average Loss: 0.090422, Learning Rate: 0.000213
New best model with loss: 0.090422
Epoch 228/300, Average Loss: 0.092246, Learning Rate: 0.000207
No improvement for 1 epochs. Best loss: 0.090422
Epoch 229/300, Average Loss: 0.093358, Learning Rate: 0.000202
No improvement for 2 epochs. Best loss: 0.090422
Epoch 230/300, Average Loss: 0.091180, Learning Rate: 0.000197
No improvement for 3 epochs. Best loss: 0.090422
Epoch 231/300, Average Loss: 0.091049, Learning Rate: 0.000192
No improvement for 4 epochs. Best loss: 0.090422
Epoch 232/300, Average Loss: 0.092470, Learning Rate: 0.000187
No improvement for 5 epochs. Best loss: 0.090422
Epoch 233/300, Average Loss: 0.089194, Learning Rate: 0.000182
New best model with loss: 0.089194
Epoch 234/300, Average Loss: 0.093237, Learning Rate: 0.000177
No improvement for 1 epochs. Best loss: 0.089194
Epoch 235/300, Average Loss: 0.091684, Learning Rate: 0.000172
No improvement for 2 epochs. Best loss: 0.089194
Epoch 236/300, Average Loss: 0.091138, Learning Rate: 0.000167
No improvement for 3 epochs. Best loss: 0.089194
Epoch 237/300, Average Loss: 0.091403, Learning Rate: 0.000162
No improvement for 4 epochs. Best loss: 0.089194
Epoch 238/300, Average Loss: 0.092662, Learning Rate: 0.000157
No improvement for 5 epochs. Best loss: 0.089194
Epoch 239/300, Average Loss: 0.092284, Learning Rate: 0.000152
No improvement for 6 epochs. Best loss: 0.089194
Epoch 240/300, Average Loss: 0.091318, Learning Rate: 0.000148
No improvement for 7 epochs. Best loss: 0.089194
Epoch 241/300, Average Loss: 0.091833, Learning Rate: 0.000143
No improvement for 8 epochs. Best loss: 0.089194
Epoch 242/300, Average Loss: 0.091649, Learning Rate: 0.000139
No improvement for 9 epochs. Best loss: 0.089194
Epoch 243/300, Average Loss: 0.092338, Learning Rate: 0.000134
No improvement for 10 epochs. Best loss: 0.089194
Epoch 244/300, Average Loss: 0.089434, Learning Rate: 0.000130
No improvement for 11 epochs. Best loss: 0.089194
Epoch 245/300, Average Loss: 0.091499, Learning Rate: 0.000125
No improvement for 12 epochs. Best loss: 0.089194
Epoch 246/300, Average Loss: 0.092359, Learning Rate: 0.000121
No improvement for 13 epochs. Best loss: 0.089194
Epoch 247/300, Average Loss: 0.091527, Learning Rate: 0.000117
No improvement for 14 epochs. Best loss: 0.089194
Epoch 248/300, Average Loss: 0.089919, Learning Rate: 0.000113
No improvement for 15 epochs. Best loss: 0.089194
Epoch 249/300, Average Loss: 0.089617, Learning Rate: 0.000109
No improvement for 16 epochs. Best loss: 0.089194
Epoch 250/300, Average Loss: 0.090977, Learning Rate: 0.000105
No improvement for 17 epochs. Best loss: 0.089194
Epoch 251/300, Average Loss: 0.091243, Learning Rate: 0.000101
No improvement for 18 epochs. Best loss: 0.089194
Epoch 252/300, Average Loss: 0.090385, Learning Rate: 0.000097
No improvement for 19 epochs. Best loss: 0.089194
Epoch 253/300, Average Loss: 0.091639, Learning Rate: 0.000093
No improvement for 20 epochs. Best loss: 0.089194
Epoch 254/300, Average Loss: 0.091085, Learning Rate: 0.000089
No improvement for 21 epochs. Best loss: 0.089194
Epoch 255/300, Average Loss: 0.090735, Learning Rate: 0.000086
No improvement for 22 epochs. Best loss: 0.089194
Epoch 256/300, Average Loss: 0.089838, Learning Rate: 0.000082
No improvement for 23 epochs. Best loss: 0.089194
Epoch 257/300, Average Loss: 0.090776, Learning Rate: 0.000079
No improvement for 24 epochs. Best loss: 0.089194
Epoch 258/300, Average Loss: 0.090387, Learning Rate: 0.000075
No improvement for 25 epochs. Best loss: 0.089194
Epoch 259/300, Average Loss: 0.090303, Learning Rate: 0.000072
No improvement for 26 epochs. Best loss: 0.089194
Epoch 260/300, Average Loss: 0.088697, Learning Rate: 0.000068
New best model with loss: 0.088697
Epoch 261/300, Average Loss: 0.088407, Learning Rate: 0.000065
New best model with loss: 0.088407
Epoch 262/300, Average Loss: 0.090628, Learning Rate: 0.000062
No improvement for 1 epochs. Best loss: 0.088407
Epoch 263/300, Average Loss: 0.089103, Learning Rate: 0.000059
No improvement for 2 epochs. Best loss: 0.088407
Epoch 264/300, Average Loss: 0.088411, Learning Rate: 0.000056
No improvement for 3 epochs. Best loss: 0.088407
Epoch 265/300, Average Loss: 0.091644, Learning Rate: 0.000053
No improvement for 4 epochs. Best loss: 0.088407
Epoch 266/300, Average Loss: 0.090000, Learning Rate: 0.000050
No improvement for 5 epochs. Best loss: 0.088407
Epoch 267/300, Average Loss: 0.089771, Learning Rate: 0.000047
No improvement for 6 epochs. Best loss: 0.088407
Epoch 268/300, Average Loss: 0.090760, Learning Rate: 0.000045
No improvement for 7 epochs. Best loss: 0.088407
Epoch 269/300, Average Loss: 0.090416, Learning Rate: 0.000042
No improvement for 8 epochs. Best loss: 0.088407
Epoch 270/300, Average Loss: 0.090892, Learning Rate: 0.000040
No improvement for 9 epochs. Best loss: 0.088407
Epoch 271/300, Average Loss: 0.090183, Learning Rate: 0.000037
No improvement for 10 epochs. Best loss: 0.088407
Epoch 272/300, Average Loss: 0.090358, Learning Rate: 0.000035
No improvement for 11 epochs. Best loss: 0.088407
Epoch 273/300, Average Loss: 0.090021, Learning Rate: 0.000032
No improvement for 12 epochs. Best loss: 0.088407
Epoch 274/300, Average Loss: 0.089580, Learning Rate: 0.000030
No improvement for 13 epochs. Best loss: 0.088407
Epoch 275/300, Average Loss: 0.090641, Learning Rate: 0.000028
No improvement for 14 epochs. Best loss: 0.088407
Epoch 276/300, Average Loss: 0.088710, Learning Rate: 0.000026
No improvement for 15 epochs. Best loss: 0.088407
Epoch 277/300, Average Loss: 0.089645, Learning Rate: 0.000024
No improvement for 16 epochs. Best loss: 0.088407
Epoch 278/300, Average Loss: 0.089682, Learning Rate: 0.000022
No improvement for 17 epochs. Best loss: 0.088407
Epoch 279/300, Average Loss: 0.090403, Learning Rate: 0.000020
No improvement for 18 epochs. Best loss: 0.088407
Epoch 280/300, Average Loss: 0.088992, Learning Rate: 0.000019
No improvement for 19 epochs. Best loss: 0.088407
Epoch 281/300, Average Loss: 0.088340, Learning Rate: 0.000017
No improvement for 20 epochs. Best loss: 0.088407
Epoch 282/300, Average Loss: 0.089946, Learning Rate: 0.000015
No improvement for 21 epochs. Best loss: 0.088407
Epoch 283/300, Average Loss: 0.090102, Learning Rate: 0.000014
No improvement for 22 epochs. Best loss: 0.088407
Epoch 284/300, Average Loss: 0.087386, Learning Rate: 0.000013
New best model with loss: 0.087386
Epoch 285/300, Average Loss: 0.090623, Learning Rate: 0.000011
No improvement for 1 epochs. Best loss: 0.087386
Epoch 286/300, Average Loss: 0.088827, Learning Rate: 0.000010
No improvement for 2 epochs. Best loss: 0.087386
Epoch 287/300, Average Loss: 0.090742, Learning Rate: 0.000009
No improvement for 3 epochs. Best loss: 0.087386
Epoch 288/300, Average Loss: 0.090523, Learning Rate: 0.000008
No improvement for 4 epochs. Best loss: 0.087386
Epoch 289/300, Average Loss: 0.088194, Learning Rate: 0.000007
No improvement for 5 epochs. Best loss: 0.087386
Epoch 290/300, Average Loss: 0.088765, Learning Rate: 0.000006
No improvement for 6 epochs. Best loss: 0.087386
Epoch 291/300, Average Loss: 0.088348, Learning Rate: 0.000005
No improvement for 7 epochs. Best loss: 0.087386
Epoch 292/300, Average Loss: 0.089291, Learning Rate: 0.000004
No improvement for 8 epochs. Best loss: 0.087386
Epoch 293/300, Average Loss: 0.088211, Learning Rate: 0.000004
No improvement for 9 epochs. Best loss: 0.087386
Epoch 294/300, Average Loss: 0.090187, Learning Rate: 0.000003
No improvement for 10 epochs. Best loss: 0.087386
Epoch 295/300, Average Loss: 0.089682, Learning Rate: 0.000003
No improvement for 11 epochs. Best loss: 0.087386
Epoch 296/300, Average Loss: 0.089535, Learning Rate: 0.000002
No improvement for 12 epochs. Best loss: 0.087386
Epoch 297/300, Average Loss: 0.089399, Learning Rate: 0.000002
No improvement for 13 epochs. Best loss: 0.087386
Epoch 298/300, Average Loss: 0.088232, Learning Rate: 0.000002
No improvement for 14 epochs. Best loss: 0.087386
/beegfs/HPCscratch/kreuer/CAMDA_25/generators/EmbeddedDiffusion/main.py:58: FutureWarning: Downcasting behavior in `replace` is deprecated and will be removed in a future version. To retain the old behavior, explicitly call `result.infer_objects(copy=False)`. To opt-in to the future behavior, set `pd.set_option('future.no_silent_downcasting', True)`
  self.y_train = y_train.replace(self.label_mapping).values
Epoch 299/300, Average Loss: 0.089584, Learning Rate: 0.000002
No improvement for 15 epochs. Best loss: 0.087386
Model saved to /beegfs/HPCscratch/kreuer/CAMDA_25/models/embedded_diffusion_2.pth
Generating 360 samples for label 0...
Generating 333 samples for label 1...
Generating 250 samples for label 2...
Generating 124 samples for label 3...
Generating 600 samples for label 4...
Generating 136 samples for label 4...
Generating 282 samples for label 5...
Generating 337 samples for label 6...
Generating 120 samples for label 7...
Generating 193 samples for label 8...
Generating 308 samples for label 10...
Generating 346 samples for label 9...
Generating 69 samples for label 11...
Synthetic data saved in /beegfs/HPCscratch/kreuer/CAMDA_25/data/TCGA-COMBINED/synthetic/embedded_diffusion/combined_2.
