/beegfs/HPCscratch/kreuer/CAMDA_25/generators/EmbeddedDiffusion/main.py:180: FutureWarning: Downcasting behavior in `replace` is deprecated and will be removed in a future version. To retain the old behavior, explicitly call `result.infer_objects(copy=False)`. To opt-in to the future behavior, set `pd.set_option('future.no_silent_downcasting', True)`
  y_numpy = y_train.replace(
embedded_diffusion
Using 8 groups for GroupNorm
Using 8 groups for GroupNorm
Applying SMOTE to balance the dataset...
Class distribution before SMOTE: Counter({4: 736, 0: 361, 9: 346, 6: 337, 1: 334, 10: 308, 5: 282, 2: 250, 8: 191, 3: 124, 7: 120, 11: 69})
Class distribution after SMOTE: Counter({0: 3000, 1: 3000, 2: 3000, 3: 3000, 4: 3000, 5: 3000, 6: 3000, 8: 3000, 9: 3000, 10: 3000, 7: 3000, 11: 3000})
Epoch 0/300, Average Loss: 1.082129, Learning Rate: 0.000040
New best model with loss: 1.082129
Epoch 1/300, Average Loss: 0.686886, Learning Rate: 0.000041
New best model with loss: 0.686886
Epoch 2/300, Average Loss: 0.337354, Learning Rate: 0.000043
New best model with loss: 0.337354
Epoch 3/300, Average Loss: 0.218517, Learning Rate: 0.000046
New best model with loss: 0.218517
Epoch 4/300, Average Loss: 0.178975, Learning Rate: 0.000050
New best model with loss: 0.178975
Epoch 5/300, Average Loss: 0.172167, Learning Rate: 0.000056
New best model with loss: 0.172167
Epoch 6/300, Average Loss: 0.172269, Learning Rate: 0.000063
No improvement for 1 epochs. Best loss: 0.172167
Epoch 7/300, Average Loss: 0.172251, Learning Rate: 0.000072
No improvement for 2 epochs. Best loss: 0.172167
Epoch 8/300, Average Loss: 0.169400, Learning Rate: 0.000081
New best model with loss: 0.169400
Epoch 9/300, Average Loss: 0.169859, Learning Rate: 0.000092
No improvement for 1 epochs. Best loss: 0.169400
Epoch 10/300, Average Loss: 0.171746, Learning Rate: 0.000104
No improvement for 2 epochs. Best loss: 0.169400
Epoch 11/300, Average Loss: 0.169540, Learning Rate: 0.000117
No improvement for 3 epochs. Best loss: 0.169400
Epoch 12/300, Average Loss: 0.170975, Learning Rate: 0.000132
No improvement for 4 epochs. Best loss: 0.169400
Epoch 13/300, Average Loss: 0.169730, Learning Rate: 0.000147
No improvement for 5 epochs. Best loss: 0.169400
Epoch 14/300, Average Loss: 0.170762, Learning Rate: 0.000163
No improvement for 6 epochs. Best loss: 0.169400
Epoch 15/300, Average Loss: 0.171206, Learning Rate: 0.000181
No improvement for 7 epochs. Best loss: 0.169400
Epoch 16/300, Average Loss: 0.171003, Learning Rate: 0.000199
No improvement for 8 epochs. Best loss: 0.169400
Epoch 17/300, Average Loss: 0.172678, Learning Rate: 0.000218
No improvement for 9 epochs. Best loss: 0.169400
Epoch 18/300, Average Loss: 0.171730, Learning Rate: 0.000238
No improvement for 10 epochs. Best loss: 0.169400
Epoch 19/300, Average Loss: 0.171722, Learning Rate: 0.000259
No improvement for 11 epochs. Best loss: 0.169400
Epoch 20/300, Average Loss: 0.171908, Learning Rate: 0.000280
No improvement for 12 epochs. Best loss: 0.169400
Epoch 21/300, Average Loss: 0.168557, Learning Rate: 0.000302
New best model with loss: 0.168557
Epoch 22/300, Average Loss: 0.169803, Learning Rate: 0.000325
No improvement for 1 epochs. Best loss: 0.168557
Epoch 23/300, Average Loss: 0.165434, Learning Rate: 0.000348
New best model with loss: 0.165434
Epoch 24/300, Average Loss: 0.164704, Learning Rate: 0.000372
New best model with loss: 0.164704
Epoch 25/300, Average Loss: 0.161065, Learning Rate: 0.000396
New best model with loss: 0.161065
Epoch 26/300, Average Loss: 0.157626, Learning Rate: 0.000420
New best model with loss: 0.157626
Epoch 27/300, Average Loss: 0.153842, Learning Rate: 0.000445
New best model with loss: 0.153842
Epoch 28/300, Average Loss: 0.150628, Learning Rate: 0.000470
New best model with loss: 0.150628
Epoch 29/300, Average Loss: 0.149430, Learning Rate: 0.000495
New best model with loss: 0.149430
Epoch 30/300, Average Loss: 0.146395, Learning Rate: 0.000520
New best model with loss: 0.146395
Epoch 31/300, Average Loss: 0.145856, Learning Rate: 0.000545
New best model with loss: 0.145856
Epoch 32/300, Average Loss: 0.143621, Learning Rate: 0.000570
New best model with loss: 0.143621
Epoch 33/300, Average Loss: 0.142677, Learning Rate: 0.000595
New best model with loss: 0.142677
Epoch 34/300, Average Loss: 0.141571, Learning Rate: 0.000620
New best model with loss: 0.141571
Epoch 35/300, Average Loss: 0.139347, Learning Rate: 0.000644
New best model with loss: 0.139347
Epoch 36/300, Average Loss: 0.138309, Learning Rate: 0.000668
New best model with loss: 0.138309
Epoch 37/300, Average Loss: 0.138738, Learning Rate: 0.000692
No improvement for 1 epochs. Best loss: 0.138309
Epoch 38/300, Average Loss: 0.138454, Learning Rate: 0.000715
No improvement for 2 epochs. Best loss: 0.138309
Epoch 39/300, Average Loss: 0.136882, Learning Rate: 0.000738
New best model with loss: 0.136882
Epoch 40/300, Average Loss: 0.137695, Learning Rate: 0.000760
No improvement for 1 epochs. Best loss: 0.136882
Epoch 41/300, Average Loss: 0.135388, Learning Rate: 0.000781
New best model with loss: 0.135388
Epoch 42/300, Average Loss: 0.133620, Learning Rate: 0.000802
New best model with loss: 0.133620
Epoch 43/300, Average Loss: 0.132201, Learning Rate: 0.000822
New best model with loss: 0.132201
Epoch 44/300, Average Loss: 0.132482, Learning Rate: 0.000841
No improvement for 1 epochs. Best loss: 0.132201
Epoch 45/300, Average Loss: 0.134089, Learning Rate: 0.000859
No improvement for 2 epochs. Best loss: 0.132201
Epoch 46/300, Average Loss: 0.131835, Learning Rate: 0.000877
New best model with loss: 0.131835
Epoch 47/300, Average Loss: 0.132191, Learning Rate: 0.000893
No improvement for 1 epochs. Best loss: 0.131835
Epoch 48/300, Average Loss: 0.130781, Learning Rate: 0.000908
New best model with loss: 0.130781
Epoch 49/300, Average Loss: 0.129578, Learning Rate: 0.000923
New best model with loss: 0.129578
Epoch 50/300, Average Loss: 0.128366, Learning Rate: 0.000936
New best model with loss: 0.128366
Epoch 51/300, Average Loss: 0.127026, Learning Rate: 0.000948
New best model with loss: 0.127026
Epoch 52/300, Average Loss: 0.128336, Learning Rate: 0.000959
No improvement for 1 epochs. Best loss: 0.127026
Epoch 53/300, Average Loss: 0.127175, Learning Rate: 0.000968
No improvement for 2 epochs. Best loss: 0.127026
Epoch 54/300, Average Loss: 0.126503, Learning Rate: 0.000977
New best model with loss: 0.126503
Epoch 55/300, Average Loss: 0.125715, Learning Rate: 0.000984
New best model with loss: 0.125715
Epoch 56/300, Average Loss: 0.126033, Learning Rate: 0.000990
No improvement for 1 epochs. Best loss: 0.125715
Epoch 57/300, Average Loss: 0.124108, Learning Rate: 0.000994
New best model with loss: 0.124108
Epoch 58/300, Average Loss: 0.125782, Learning Rate: 0.000997
No improvement for 1 epochs. Best loss: 0.124108
Epoch 59/300, Average Loss: 0.125418, Learning Rate: 0.000999
No improvement for 2 epochs. Best loss: 0.124108
Epoch 60/300, Average Loss: 0.123324, Learning Rate: 0.001000
New best model with loss: 0.123324
Epoch 61/300, Average Loss: 0.122880, Learning Rate: 0.001000
New best model with loss: 0.122880
Epoch 62/300, Average Loss: 0.121049, Learning Rate: 0.001000
New best model with loss: 0.121049
Epoch 63/300, Average Loss: 0.122135, Learning Rate: 0.001000
No improvement for 1 epochs. Best loss: 0.121049
Epoch 64/300, Average Loss: 0.122256, Learning Rate: 0.000999
No improvement for 2 epochs. Best loss: 0.121049
Epoch 65/300, Average Loss: 0.119494, Learning Rate: 0.000999
New best model with loss: 0.119494
Epoch 66/300, Average Loss: 0.121634, Learning Rate: 0.000998
No improvement for 1 epochs. Best loss: 0.119494
Epoch 67/300, Average Loss: 0.120524, Learning Rate: 0.000998
No improvement for 2 epochs. Best loss: 0.119494
Epoch 68/300, Average Loss: 0.119201, Learning Rate: 0.000997
New best model with loss: 0.119201
Epoch 69/300, Average Loss: 0.120931, Learning Rate: 0.000997
No improvement for 1 epochs. Best loss: 0.119201
Epoch 70/300, Average Loss: 0.120774, Learning Rate: 0.000996
No improvement for 2 epochs. Best loss: 0.119201
Epoch 71/300, Average Loss: 0.119623, Learning Rate: 0.000995
No improvement for 3 epochs. Best loss: 0.119201
Epoch 72/300, Average Loss: 0.119476, Learning Rate: 0.000994
No improvement for 4 epochs. Best loss: 0.119201
Epoch 73/300, Average Loss: 0.119280, Learning Rate: 0.000993
No improvement for 5 epochs. Best loss: 0.119201
Epoch 74/300, Average Loss: 0.118060, Learning Rate: 0.000992
New best model with loss: 0.118060
Epoch 75/300, Average Loss: 0.117148, Learning Rate: 0.000990
New best model with loss: 0.117148
Epoch 76/300, Average Loss: 0.118806, Learning Rate: 0.000989
No improvement for 1 epochs. Best loss: 0.117148
Epoch 77/300, Average Loss: 0.116807, Learning Rate: 0.000988
New best model with loss: 0.116807
Epoch 78/300, Average Loss: 0.116440, Learning Rate: 0.000986
New best model with loss: 0.116440
Epoch 79/300, Average Loss: 0.117546, Learning Rate: 0.000985
No improvement for 1 epochs. Best loss: 0.116440
Epoch 80/300, Average Loss: 0.117504, Learning Rate: 0.000983
No improvement for 2 epochs. Best loss: 0.116440
Epoch 81/300, Average Loss: 0.115286, Learning Rate: 0.000981
New best model with loss: 0.115286
Epoch 82/300, Average Loss: 0.114774, Learning Rate: 0.000979
New best model with loss: 0.114774
Epoch 83/300, Average Loss: 0.112695, Learning Rate: 0.000978
New best model with loss: 0.112695
Epoch 84/300, Average Loss: 0.114711, Learning Rate: 0.000976
No improvement for 1 epochs. Best loss: 0.112695
Epoch 85/300, Average Loss: 0.114754, Learning Rate: 0.000974
No improvement for 2 epochs. Best loss: 0.112695
Epoch 86/300, Average Loss: 0.112522, Learning Rate: 0.000971
New best model with loss: 0.112522
Epoch 87/300, Average Loss: 0.113999, Learning Rate: 0.000969
No improvement for 1 epochs. Best loss: 0.112522
Epoch 88/300, Average Loss: 0.112829, Learning Rate: 0.000967
No improvement for 2 epochs. Best loss: 0.112522
Epoch 89/300, Average Loss: 0.112907, Learning Rate: 0.000964
No improvement for 3 epochs. Best loss: 0.112522
Epoch 90/300, Average Loss: 0.113610, Learning Rate: 0.000962
No improvement for 4 epochs. Best loss: 0.112522
Epoch 91/300, Average Loss: 0.115625, Learning Rate: 0.000959
No improvement for 5 epochs. Best loss: 0.112522
Epoch 92/300, Average Loss: 0.111514, Learning Rate: 0.000957
New best model with loss: 0.111514
Epoch 93/300, Average Loss: 0.113566, Learning Rate: 0.000954
No improvement for 1 epochs. Best loss: 0.111514
Epoch 94/300, Average Loss: 0.111882, Learning Rate: 0.000951
No improvement for 2 epochs. Best loss: 0.111514
Epoch 95/300, Average Loss: 0.111853, Learning Rate: 0.000949
No improvement for 3 epochs. Best loss: 0.111514
Epoch 96/300, Average Loss: 0.113894, Learning Rate: 0.000946
No improvement for 4 epochs. Best loss: 0.111514
Epoch 97/300, Average Loss: 0.112966, Learning Rate: 0.000943
No improvement for 5 epochs. Best loss: 0.111514
Epoch 98/300, Average Loss: 0.111043, Learning Rate: 0.000940
New best model with loss: 0.111043
Epoch 99/300, Average Loss: 0.113038, Learning Rate: 0.000936
No improvement for 1 epochs. Best loss: 0.111043
Epoch 100/300, Average Loss: 0.110978, Learning Rate: 0.000933
No improvement for 2 epochs. Best loss: 0.111043
Epoch 101/300, Average Loss: 0.111021, Learning Rate: 0.000930
No improvement for 3 epochs. Best loss: 0.111043
Epoch 102/300, Average Loss: 0.109636, Learning Rate: 0.000926
New best model with loss: 0.109636
Epoch 103/300, Average Loss: 0.111362, Learning Rate: 0.000923
No improvement for 1 epochs. Best loss: 0.109636
Epoch 104/300, Average Loss: 0.111102, Learning Rate: 0.000919
No improvement for 2 epochs. Best loss: 0.109636
Epoch 105/300, Average Loss: 0.111739, Learning Rate: 0.000916
No improvement for 3 epochs. Best loss: 0.109636
Epoch 106/300, Average Loss: 0.110682, Learning Rate: 0.000912
No improvement for 4 epochs. Best loss: 0.109636
Epoch 107/300, Average Loss: 0.111601, Learning Rate: 0.000908
No improvement for 5 epochs. Best loss: 0.109636
Epoch 108/300, Average Loss: 0.108592, Learning Rate: 0.000905
New best model with loss: 0.108592
Epoch 109/300, Average Loss: 0.111420, Learning Rate: 0.000901
No improvement for 1 epochs. Best loss: 0.108592
Epoch 110/300, Average Loss: 0.110615, Learning Rate: 0.000897
No improvement for 2 epochs. Best loss: 0.108592
Epoch 111/300, Average Loss: 0.111623, Learning Rate: 0.000893
No improvement for 3 epochs. Best loss: 0.108592
Epoch 112/300, Average Loss: 0.111320, Learning Rate: 0.000889
No improvement for 4 epochs. Best loss: 0.108592
Epoch 113/300, Average Loss: 0.108294, Learning Rate: 0.000885
New best model with loss: 0.108294
Epoch 114/300, Average Loss: 0.109074, Learning Rate: 0.000880
No improvement for 1 epochs. Best loss: 0.108294
Epoch 115/300, Average Loss: 0.109574, Learning Rate: 0.000876
No improvement for 2 epochs. Best loss: 0.108294
Epoch 116/300, Average Loss: 0.109969, Learning Rate: 0.000872
No improvement for 3 epochs. Best loss: 0.108294
Epoch 117/300, Average Loss: 0.109450, Learning Rate: 0.000867
No improvement for 4 epochs. Best loss: 0.108294
Epoch 118/300, Average Loss: 0.107363, Learning Rate: 0.000863
New best model with loss: 0.107363
Epoch 119/300, Average Loss: 0.109586, Learning Rate: 0.000858
No improvement for 1 epochs. Best loss: 0.107363
Epoch 120/300, Average Loss: 0.107282, Learning Rate: 0.000854
No improvement for 2 epochs. Best loss: 0.107363
Epoch 121/300, Average Loss: 0.108123, Learning Rate: 0.000849
No improvement for 3 epochs. Best loss: 0.107363
Epoch 122/300, Average Loss: 0.108712, Learning Rate: 0.000844
No improvement for 4 epochs. Best loss: 0.107363
Epoch 123/300, Average Loss: 0.108154, Learning Rate: 0.000840
No improvement for 5 epochs. Best loss: 0.107363
Epoch 124/300, Average Loss: 0.108473, Learning Rate: 0.000835
No improvement for 6 epochs. Best loss: 0.107363
Epoch 125/300, Average Loss: 0.107050, Learning Rate: 0.000830
New best model with loss: 0.107050
Epoch 126/300, Average Loss: 0.108975, Learning Rate: 0.000825
No improvement for 1 epochs. Best loss: 0.107050
Epoch 127/300, Average Loss: 0.108185, Learning Rate: 0.000820
No improvement for 2 epochs. Best loss: 0.107050
Epoch 128/300, Average Loss: 0.108448, Learning Rate: 0.000815
No improvement for 3 epochs. Best loss: 0.107050
Epoch 129/300, Average Loss: 0.107646, Learning Rate: 0.000810
No improvement for 4 epochs. Best loss: 0.107050
Epoch 130/300, Average Loss: 0.107527, Learning Rate: 0.000805
No improvement for 5 epochs. Best loss: 0.107050
Epoch 131/300, Average Loss: 0.106428, Learning Rate: 0.000799
New best model with loss: 0.106428
Epoch 132/300, Average Loss: 0.106533, Learning Rate: 0.000794
No improvement for 1 epochs. Best loss: 0.106428
Epoch 133/300, Average Loss: 0.106405, Learning Rate: 0.000789
No improvement for 2 epochs. Best loss: 0.106428
Epoch 134/300, Average Loss: 0.107094, Learning Rate: 0.000784
No improvement for 3 epochs. Best loss: 0.106428
Epoch 135/300, Average Loss: 0.106489, Learning Rate: 0.000778
No improvement for 4 epochs. Best loss: 0.106428
Epoch 136/300, Average Loss: 0.106970, Learning Rate: 0.000773
No improvement for 5 epochs. Best loss: 0.106428
Epoch 137/300, Average Loss: 0.105071, Learning Rate: 0.000767
New best model with loss: 0.105071
Epoch 138/300, Average Loss: 0.106371, Learning Rate: 0.000762
No improvement for 1 epochs. Best loss: 0.105071
Epoch 139/300, Average Loss: 0.105132, Learning Rate: 0.000756
No improvement for 2 epochs. Best loss: 0.105071
Epoch 140/300, Average Loss: 0.103919, Learning Rate: 0.000750
New best model with loss: 0.103919
Epoch 141/300, Average Loss: 0.106107, Learning Rate: 0.000745
No improvement for 1 epochs. Best loss: 0.103919
Epoch 142/300, Average Loss: 0.104362, Learning Rate: 0.000739
No improvement for 2 epochs. Best loss: 0.103919
Epoch 143/300, Average Loss: 0.106573, Learning Rate: 0.000733
No improvement for 3 epochs. Best loss: 0.103919
Epoch 144/300, Average Loss: 0.103853, Learning Rate: 0.000727
No improvement for 4 epochs. Best loss: 0.103919
Epoch 145/300, Average Loss: 0.103984, Learning Rate: 0.000722
No improvement for 5 epochs. Best loss: 0.103919
Epoch 146/300, Average Loss: 0.104524, Learning Rate: 0.000716
No improvement for 6 epochs. Best loss: 0.103919
Epoch 147/300, Average Loss: 0.104770, Learning Rate: 0.000710
No improvement for 7 epochs. Best loss: 0.103919
Epoch 148/300, Average Loss: 0.103927, Learning Rate: 0.000704
No improvement for 8 epochs. Best loss: 0.103919
Epoch 149/300, Average Loss: 0.103833, Learning Rate: 0.000698
No improvement for 9 epochs. Best loss: 0.103919
Epoch 150/300, Average Loss: 0.104760, Learning Rate: 0.000692
No improvement for 10 epochs. Best loss: 0.103919
Epoch 151/300, Average Loss: 0.104720, Learning Rate: 0.000686
No improvement for 11 epochs. Best loss: 0.103919
Epoch 152/300, Average Loss: 0.103719, Learning Rate: 0.000680
New best model with loss: 0.103719
Epoch 153/300, Average Loss: 0.103068, Learning Rate: 0.000674
New best model with loss: 0.103068
Epoch 154/300, Average Loss: 0.104357, Learning Rate: 0.000667
No improvement for 1 epochs. Best loss: 0.103068
Epoch 155/300, Average Loss: 0.102472, Learning Rate: 0.000661
New best model with loss: 0.102472
Epoch 156/300, Average Loss: 0.101899, Learning Rate: 0.000655
New best model with loss: 0.101899
Epoch 157/300, Average Loss: 0.104096, Learning Rate: 0.000649
No improvement for 1 epochs. Best loss: 0.101899
Epoch 158/300, Average Loss: 0.104166, Learning Rate: 0.000643
No improvement for 2 epochs. Best loss: 0.101899
Epoch 159/300, Average Loss: 0.102909, Learning Rate: 0.000636
No improvement for 3 epochs. Best loss: 0.101899
Epoch 160/300, Average Loss: 0.102849, Learning Rate: 0.000630
No improvement for 4 epochs. Best loss: 0.101899
Epoch 161/300, Average Loss: 0.102320, Learning Rate: 0.000624
No improvement for 5 epochs. Best loss: 0.101899
Epoch 162/300, Average Loss: 0.103194, Learning Rate: 0.000617
No improvement for 6 epochs. Best loss: 0.101899
Epoch 163/300, Average Loss: 0.102784, Learning Rate: 0.000611
No improvement for 7 epochs. Best loss: 0.101899
Epoch 164/300, Average Loss: 0.103541, Learning Rate: 0.000605
No improvement for 8 epochs. Best loss: 0.101899
Epoch 165/300, Average Loss: 0.103125, Learning Rate: 0.000598
No improvement for 9 epochs. Best loss: 0.101899
Epoch 166/300, Average Loss: 0.101535, Learning Rate: 0.000592
New best model with loss: 0.101535
Epoch 167/300, Average Loss: 0.101142, Learning Rate: 0.000585
New best model with loss: 0.101142
Epoch 168/300, Average Loss: 0.100940, Learning Rate: 0.000579
New best model with loss: 0.100940
Epoch 169/300, Average Loss: 0.102207, Learning Rate: 0.000572
No improvement for 1 epochs. Best loss: 0.100940
Epoch 170/300, Average Loss: 0.102881, Learning Rate: 0.000566
No improvement for 2 epochs. Best loss: 0.100940
Epoch 171/300, Average Loss: 0.101032, Learning Rate: 0.000559
No improvement for 3 epochs. Best loss: 0.100940
Epoch 172/300, Average Loss: 0.101514, Learning Rate: 0.000553
No improvement for 4 epochs. Best loss: 0.100940
Epoch 173/300, Average Loss: 0.100575, Learning Rate: 0.000546
New best model with loss: 0.100575
Epoch 174/300, Average Loss: 0.100562, Learning Rate: 0.000540
No improvement for 1 epochs. Best loss: 0.100575
Epoch 175/300, Average Loss: 0.100006, Learning Rate: 0.000533
New best model with loss: 0.100006
Epoch 176/300, Average Loss: 0.100231, Learning Rate: 0.000527
No improvement for 1 epochs. Best loss: 0.100006
Epoch 177/300, Average Loss: 0.100763, Learning Rate: 0.000520
No improvement for 2 epochs. Best loss: 0.100006
Epoch 178/300, Average Loss: 0.099046, Learning Rate: 0.000514
New best model with loss: 0.099046
Epoch 179/300, Average Loss: 0.101036, Learning Rate: 0.000507
No improvement for 1 epochs. Best loss: 0.099046
Epoch 180/300, Average Loss: 0.100416, Learning Rate: 0.000501
No improvement for 2 epochs. Best loss: 0.099046
Epoch 181/300, Average Loss: 0.099640, Learning Rate: 0.000494
No improvement for 3 epochs. Best loss: 0.099046
Epoch 182/300, Average Loss: 0.099629, Learning Rate: 0.000488
No improvement for 4 epochs. Best loss: 0.099046
Epoch 183/300, Average Loss: 0.098712, Learning Rate: 0.000481
New best model with loss: 0.098712
Epoch 184/300, Average Loss: 0.101220, Learning Rate: 0.000475
No improvement for 1 epochs. Best loss: 0.098712
Epoch 185/300, Average Loss: 0.099868, Learning Rate: 0.000468
No improvement for 2 epochs. Best loss: 0.098712
Epoch 186/300, Average Loss: 0.099491, Learning Rate: 0.000462
No improvement for 3 epochs. Best loss: 0.098712
Epoch 187/300, Average Loss: 0.101087, Learning Rate: 0.000455
No improvement for 4 epochs. Best loss: 0.098712
Epoch 188/300, Average Loss: 0.096969, Learning Rate: 0.000449
New best model with loss: 0.096969
Epoch 189/300, Average Loss: 0.099070, Learning Rate: 0.000442
No improvement for 1 epochs. Best loss: 0.096969
Epoch 190/300, Average Loss: 0.098906, Learning Rate: 0.000436
No improvement for 2 epochs. Best loss: 0.096969
Epoch 191/300, Average Loss: 0.099589, Learning Rate: 0.000429
No improvement for 3 epochs. Best loss: 0.096969
Epoch 192/300, Average Loss: 0.098767, Learning Rate: 0.000423
No improvement for 4 epochs. Best loss: 0.096969
Epoch 193/300, Average Loss: 0.098368, Learning Rate: 0.000416
No improvement for 5 epochs. Best loss: 0.096969
Epoch 194/300, Average Loss: 0.097712, Learning Rate: 0.000410
No improvement for 6 epochs. Best loss: 0.096969
Epoch 195/300, Average Loss: 0.099403, Learning Rate: 0.000403
No improvement for 7 epochs. Best loss: 0.096969
Epoch 196/300, Average Loss: 0.098838, Learning Rate: 0.000397
No improvement for 8 epochs. Best loss: 0.096969
Epoch 197/300, Average Loss: 0.098178, Learning Rate: 0.000391
No improvement for 9 epochs. Best loss: 0.096969
Epoch 198/300, Average Loss: 0.098231, Learning Rate: 0.000384
No improvement for 10 epochs. Best loss: 0.096969
Epoch 199/300, Average Loss: 0.096867, Learning Rate: 0.000378
New best model with loss: 0.096867
Epoch 200/300, Average Loss: 0.098640, Learning Rate: 0.000372
No improvement for 1 epochs. Best loss: 0.096867
Epoch 201/300, Average Loss: 0.096934, Learning Rate: 0.000365
No improvement for 2 epochs. Best loss: 0.096867
Epoch 202/300, Average Loss: 0.097006, Learning Rate: 0.000359
No improvement for 3 epochs. Best loss: 0.096867
Epoch 203/300, Average Loss: 0.098470, Learning Rate: 0.000353
No improvement for 4 epochs. Best loss: 0.096867
Epoch 204/300, Average Loss: 0.096470, Learning Rate: 0.000347
New best model with loss: 0.096470
Epoch 205/300, Average Loss: 0.096456, Learning Rate: 0.000340
No improvement for 1 epochs. Best loss: 0.096470
Epoch 206/300, Average Loss: 0.097841, Learning Rate: 0.000334
No improvement for 2 epochs. Best loss: 0.096470
Epoch 207/300, Average Loss: 0.096204, Learning Rate: 0.000328
New best model with loss: 0.096204
Epoch 208/300, Average Loss: 0.095469, Learning Rate: 0.000322
New best model with loss: 0.095469
Epoch 209/300, Average Loss: 0.097370, Learning Rate: 0.000316
No improvement for 1 epochs. Best loss: 0.095469
Epoch 210/300, Average Loss: 0.096237, Learning Rate: 0.000310
No improvement for 2 epochs. Best loss: 0.095469
Epoch 211/300, Average Loss: 0.095833, Learning Rate: 0.000304
No improvement for 3 epochs. Best loss: 0.095469
Epoch 212/300, Average Loss: 0.097897, Learning Rate: 0.000298
No improvement for 4 epochs. Best loss: 0.095469
Epoch 213/300, Average Loss: 0.096672, Learning Rate: 0.000292
No improvement for 5 epochs. Best loss: 0.095469
Epoch 214/300, Average Loss: 0.096321, Learning Rate: 0.000286
No improvement for 6 epochs. Best loss: 0.095469
Epoch 215/300, Average Loss: 0.096867, Learning Rate: 0.000280
No improvement for 7 epochs. Best loss: 0.095469
Epoch 216/300, Average Loss: 0.094828, Learning Rate: 0.000274
New best model with loss: 0.094828
Epoch 217/300, Average Loss: 0.095207, Learning Rate: 0.000268
No improvement for 1 epochs. Best loss: 0.094828
Epoch 218/300, Average Loss: 0.096856, Learning Rate: 0.000263
No improvement for 2 epochs. Best loss: 0.094828
Epoch 219/300, Average Loss: 0.097058, Learning Rate: 0.000257
No improvement for 3 epochs. Best loss: 0.094828
Epoch 220/300, Average Loss: 0.096643, Learning Rate: 0.000251
No improvement for 4 epochs. Best loss: 0.094828
Epoch 221/300, Average Loss: 0.094482, Learning Rate: 0.000246
New best model with loss: 0.094482
Epoch 222/300, Average Loss: 0.093054, Learning Rate: 0.000240
New best model with loss: 0.093054
Epoch 223/300, Average Loss: 0.094964, Learning Rate: 0.000234
No improvement for 1 epochs. Best loss: 0.093054
Epoch 224/300, Average Loss: 0.096057, Learning Rate: 0.000229
No improvement for 2 epochs. Best loss: 0.093054
Epoch 225/300, Average Loss: 0.096354, Learning Rate: 0.000223
No improvement for 3 epochs. Best loss: 0.093054
Epoch 226/300, Average Loss: 0.096004, Learning Rate: 0.000218
No improvement for 4 epochs. Best loss: 0.093054
Epoch 227/300, Average Loss: 0.096640, Learning Rate: 0.000213
No improvement for 5 epochs. Best loss: 0.093054
Epoch 228/300, Average Loss: 0.093682, Learning Rate: 0.000207
No improvement for 6 epochs. Best loss: 0.093054
Epoch 229/300, Average Loss: 0.093519, Learning Rate: 0.000202
No improvement for 7 epochs. Best loss: 0.093054
Epoch 230/300, Average Loss: 0.094767, Learning Rate: 0.000197
No improvement for 8 epochs. Best loss: 0.093054
Epoch 231/300, Average Loss: 0.094586, Learning Rate: 0.000192
No improvement for 9 epochs. Best loss: 0.093054
Epoch 232/300, Average Loss: 0.094882, Learning Rate: 0.000187
No improvement for 10 epochs. Best loss: 0.093054
Epoch 233/300, Average Loss: 0.093762, Learning Rate: 0.000182
No improvement for 11 epochs. Best loss: 0.093054
Epoch 234/300, Average Loss: 0.093359, Learning Rate: 0.000177
No improvement for 12 epochs. Best loss: 0.093054
Epoch 235/300, Average Loss: 0.093775, Learning Rate: 0.000172
No improvement for 13 epochs. Best loss: 0.093054
Epoch 236/300, Average Loss: 0.093871, Learning Rate: 0.000167
No improvement for 14 epochs. Best loss: 0.093054
Epoch 237/300, Average Loss: 0.093833, Learning Rate: 0.000162
No improvement for 15 epochs. Best loss: 0.093054
Epoch 238/300, Average Loss: 0.093919, Learning Rate: 0.000157
No improvement for 16 epochs. Best loss: 0.093054
Epoch 239/300, Average Loss: 0.093340, Learning Rate: 0.000152
No improvement for 17 epochs. Best loss: 0.093054
Epoch 240/300, Average Loss: 0.093488, Learning Rate: 0.000148
No improvement for 18 epochs. Best loss: 0.093054
Epoch 241/300, Average Loss: 0.093478, Learning Rate: 0.000143
No improvement for 19 epochs. Best loss: 0.093054
Epoch 242/300, Average Loss: 0.092980, Learning Rate: 0.000139
No improvement for 20 epochs. Best loss: 0.093054
Epoch 243/300, Average Loss: 0.094361, Learning Rate: 0.000134
No improvement for 21 epochs. Best loss: 0.093054
Epoch 244/300, Average Loss: 0.093466, Learning Rate: 0.000130
No improvement for 22 epochs. Best loss: 0.093054
Epoch 245/300, Average Loss: 0.093539, Learning Rate: 0.000125
No improvement for 23 epochs. Best loss: 0.093054
Epoch 246/300, Average Loss: 0.094833, Learning Rate: 0.000121
No improvement for 24 epochs. Best loss: 0.093054
Epoch 247/300, Average Loss: 0.092176, Learning Rate: 0.000117
New best model with loss: 0.092176
Epoch 248/300, Average Loss: 0.093075, Learning Rate: 0.000113
No improvement for 1 epochs. Best loss: 0.092176
Epoch 249/300, Average Loss: 0.093737, Learning Rate: 0.000109
No improvement for 2 epochs. Best loss: 0.092176
Epoch 250/300, Average Loss: 0.093437, Learning Rate: 0.000105
No improvement for 3 epochs. Best loss: 0.092176
Epoch 251/300, Average Loss: 0.093635, Learning Rate: 0.000101
No improvement for 4 epochs. Best loss: 0.092176
Epoch 252/300, Average Loss: 0.093037, Learning Rate: 0.000097
No improvement for 5 epochs. Best loss: 0.092176
Epoch 253/300, Average Loss: 0.093082, Learning Rate: 0.000093
No improvement for 6 epochs. Best loss: 0.092176
Epoch 254/300, Average Loss: 0.094261, Learning Rate: 0.000089
No improvement for 7 epochs. Best loss: 0.092176
Epoch 255/300, Average Loss: 0.093168, Learning Rate: 0.000086
No improvement for 8 epochs. Best loss: 0.092176
Epoch 256/300, Average Loss: 0.092425, Learning Rate: 0.000082
No improvement for 9 epochs. Best loss: 0.092176
Epoch 257/300, Average Loss: 0.093089, Learning Rate: 0.000079
No improvement for 10 epochs. Best loss: 0.092176
Epoch 258/300, Average Loss: 0.093388, Learning Rate: 0.000075
No improvement for 11 epochs. Best loss: 0.092176
Epoch 259/300, Average Loss: 0.091518, Learning Rate: 0.000072
New best model with loss: 0.091518
Epoch 260/300, Average Loss: 0.092101, Learning Rate: 0.000068
No improvement for 1 epochs. Best loss: 0.091518
Epoch 261/300, Average Loss: 0.091248, Learning Rate: 0.000065
New best model with loss: 0.091248
Epoch 262/300, Average Loss: 0.092433, Learning Rate: 0.000062
No improvement for 1 epochs. Best loss: 0.091248
Epoch 263/300, Average Loss: 0.092985, Learning Rate: 0.000059
No improvement for 2 epochs. Best loss: 0.091248
Epoch 264/300, Average Loss: 0.092753, Learning Rate: 0.000056
No improvement for 3 epochs. Best loss: 0.091248
Epoch 265/300, Average Loss: 0.092310, Learning Rate: 0.000053
No improvement for 4 epochs. Best loss: 0.091248
Epoch 266/300, Average Loss: 0.093265, Learning Rate: 0.000050
No improvement for 5 epochs. Best loss: 0.091248
Epoch 267/300, Average Loss: 0.093020, Learning Rate: 0.000047
No improvement for 6 epochs. Best loss: 0.091248
Epoch 268/300, Average Loss: 0.091265, Learning Rate: 0.000045
No improvement for 7 epochs. Best loss: 0.091248
Epoch 269/300, Average Loss: 0.090148, Learning Rate: 0.000042
New best model with loss: 0.090148
Epoch 270/300, Average Loss: 0.092234, Learning Rate: 0.000040
No improvement for 1 epochs. Best loss: 0.090148
Epoch 271/300, Average Loss: 0.092870, Learning Rate: 0.000037
No improvement for 2 epochs. Best loss: 0.090148
Epoch 272/300, Average Loss: 0.093444, Learning Rate: 0.000035
No improvement for 3 epochs. Best loss: 0.090148
Epoch 273/300, Average Loss: 0.092576, Learning Rate: 0.000032
No improvement for 4 epochs. Best loss: 0.090148
Epoch 274/300, Average Loss: 0.091369, Learning Rate: 0.000030
No improvement for 5 epochs. Best loss: 0.090148
Epoch 275/300, Average Loss: 0.092874, Learning Rate: 0.000028
No improvement for 6 epochs. Best loss: 0.090148
Epoch 276/300, Average Loss: 0.092430, Learning Rate: 0.000026
No improvement for 7 epochs. Best loss: 0.090148
Epoch 277/300, Average Loss: 0.093474, Learning Rate: 0.000024
No improvement for 8 epochs. Best loss: 0.090148
Epoch 278/300, Average Loss: 0.092448, Learning Rate: 0.000022
No improvement for 9 epochs. Best loss: 0.090148
Epoch 279/300, Average Loss: 0.091881, Learning Rate: 0.000020
No improvement for 10 epochs. Best loss: 0.090148
Epoch 280/300, Average Loss: 0.092676, Learning Rate: 0.000019
No improvement for 11 epochs. Best loss: 0.090148
Epoch 281/300, Average Loss: 0.091631, Learning Rate: 0.000017
No improvement for 12 epochs. Best loss: 0.090148
Epoch 282/300, Average Loss: 0.091376, Learning Rate: 0.000015
No improvement for 13 epochs. Best loss: 0.090148
Epoch 283/300, Average Loss: 0.091401, Learning Rate: 0.000014
No improvement for 14 epochs. Best loss: 0.090148
Epoch 284/300, Average Loss: 0.092524, Learning Rate: 0.000013
No improvement for 15 epochs. Best loss: 0.090148
Epoch 285/300, Average Loss: 0.092656, Learning Rate: 0.000011
No improvement for 16 epochs. Best loss: 0.090148
Epoch 286/300, Average Loss: 0.091701, Learning Rate: 0.000010
No improvement for 17 epochs. Best loss: 0.090148
Epoch 287/300, Average Loss: 0.090389, Learning Rate: 0.000009
No improvement for 18 epochs. Best loss: 0.090148
Epoch 288/300, Average Loss: 0.091347, Learning Rate: 0.000008
No improvement for 19 epochs. Best loss: 0.090148
Epoch 289/300, Average Loss: 0.091209, Learning Rate: 0.000007
No improvement for 20 epochs. Best loss: 0.090148
Epoch 290/300, Average Loss: 0.091328, Learning Rate: 0.000006
No improvement for 21 epochs. Best loss: 0.090148
Epoch 291/300, Average Loss: 0.092255, Learning Rate: 0.000005
No improvement for 22 epochs. Best loss: 0.090148
Epoch 292/300, Average Loss: 0.091595, Learning Rate: 0.000004
No improvement for 23 epochs. Best loss: 0.090148
Epoch 293/300, Average Loss: 0.091670, Learning Rate: 0.000004
No improvement for 24 epochs. Best loss: 0.090148
Epoch 294/300, Average Loss: 0.090907, Learning Rate: 0.000003
No improvement for 25 epochs. Best loss: 0.090148
Epoch 295/300, Average Loss: 0.091727, Learning Rate: 0.000003
No improvement for 26 epochs. Best loss: 0.090148
Epoch 296/300, Average Loss: 0.093100, Learning Rate: 0.000002
No improvement for 27 epochs. Best loss: 0.090148
Epoch 297/300, Average Loss: 0.091732, Learning Rate: 0.000002
No improvement for 28 epochs. Best loss: 0.090148
Epoch 298/300, Average Loss: 0.090760, Learning Rate: 0.000002
No improvement for 29 epochs. Best loss: 0.090148
/beegfs/HPCscratch/kreuer/CAMDA_25/generators/EmbeddedDiffusion/main.py:58: FutureWarning: Downcasting behavior in `replace` is deprecated and will be removed in a future version. To retain the old behavior, explicitly call `result.infer_objects(copy=False)`. To opt-in to the future behavior, set `pd.set_option('future.no_silent_downcasting', True)`
  self.y_train = y_train.replace(self.label_mapping).values
Epoch 299/300, Average Loss: 0.093030, Learning Rate: 0.000002
No improvement for 30 epochs. Best loss: 0.090148
Early stopping triggered after 300 epochs
Model saved to /beegfs/HPCscratch/kreuer/CAMDA_25/models/embedded_diffusion_1.pth
Generating 361 samples for label 0...
Generating 334 samples for label 1...
Generating 250 samples for label 2...
Generating 124 samples for label 3...
Generating 600 samples for label 4...
Generating 136 samples for label 4...
Generating 282 samples for label 5...
Generating 337 samples for label 6...
Generating 191 samples for label 8...
Generating 346 samples for label 9...
Generating 308 samples for label 10...
Generating 120 samples for label 7...
Generating 69 samples for label 11...
Synthetic data saved in /beegfs/HPCscratch/kreuer/CAMDA_25/data/TCGA-COMBINED/synthetic/embedded_diffusion/combined_1.
