/beegfs/HPCscratch/kreuer/CAMDA_25/generators/EmbeddedDiffusion/main.py:180: FutureWarning: Downcasting behavior in `replace` is deprecated and will be removed in a future version. To retain the old behavior, explicitly call `result.infer_objects(copy=False)`. To opt-in to the future behavior, set `pd.set_option('future.no_silent_downcasting', True)`
  y_numpy = y_train.replace(
embedded_diffusion
Using 8 groups for GroupNorm
Using 8 groups for GroupNorm
Applying SMOTE to balance the dataset...
Class distribution before SMOTE: Counter({4: 736, 0: 356, 6: 344, 9: 340, 1: 333, 10: 308, 5: 282, 2: 250, 8: 197, 3: 124, 7: 120, 11: 68})
Class distribution after SMOTE: Counter({2: 3000, 4: 3000, 5: 3000, 0: 3000, 6: 3000, 7: 3000, 9: 3000, 8: 3000, 10: 3000, 1: 3000, 3: 3000, 11: 3000})
Epoch 0/300, Average Loss: 1.077150, Learning Rate: 0.000040
New best model with loss: 1.077150
Epoch 1/300, Average Loss: 0.679609, Learning Rate: 0.000041
New best model with loss: 0.679609
Epoch 2/300, Average Loss: 0.331970, Learning Rate: 0.000043
New best model with loss: 0.331970
Epoch 3/300, Average Loss: 0.212193, Learning Rate: 0.000046
New best model with loss: 0.212193
Epoch 4/300, Average Loss: 0.179452, Learning Rate: 0.000050
New best model with loss: 0.179452
Epoch 5/300, Average Loss: 0.169962, Learning Rate: 0.000056
New best model with loss: 0.169962
Epoch 6/300, Average Loss: 0.167125, Learning Rate: 0.000063
New best model with loss: 0.167125
Epoch 7/300, Average Loss: 0.169180, Learning Rate: 0.000072
No improvement for 1 epochs. Best loss: 0.167125
Epoch 8/300, Average Loss: 0.169932, Learning Rate: 0.000081
No improvement for 2 epochs. Best loss: 0.167125
Epoch 9/300, Average Loss: 0.169673, Learning Rate: 0.000092
No improvement for 3 epochs. Best loss: 0.167125
Epoch 10/300, Average Loss: 0.168781, Learning Rate: 0.000104
No improvement for 4 epochs. Best loss: 0.167125
Epoch 11/300, Average Loss: 0.171862, Learning Rate: 0.000117
No improvement for 5 epochs. Best loss: 0.167125
Epoch 12/300, Average Loss: 0.169934, Learning Rate: 0.000132
No improvement for 6 epochs. Best loss: 0.167125
Epoch 13/300, Average Loss: 0.170860, Learning Rate: 0.000147
No improvement for 7 epochs. Best loss: 0.167125
Epoch 14/300, Average Loss: 0.170652, Learning Rate: 0.000163
No improvement for 8 epochs. Best loss: 0.167125
Epoch 15/300, Average Loss: 0.173024, Learning Rate: 0.000181
No improvement for 9 epochs. Best loss: 0.167125
Epoch 16/300, Average Loss: 0.169968, Learning Rate: 0.000199
No improvement for 10 epochs. Best loss: 0.167125
Epoch 17/300, Average Loss: 0.171302, Learning Rate: 0.000218
No improvement for 11 epochs. Best loss: 0.167125
Epoch 18/300, Average Loss: 0.172165, Learning Rate: 0.000238
No improvement for 12 epochs. Best loss: 0.167125
Epoch 19/300, Average Loss: 0.171957, Learning Rate: 0.000259
No improvement for 13 epochs. Best loss: 0.167125
Epoch 20/300, Average Loss: 0.169545, Learning Rate: 0.000280
No improvement for 14 epochs. Best loss: 0.167125
Epoch 21/300, Average Loss: 0.169180, Learning Rate: 0.000302
No improvement for 15 epochs. Best loss: 0.167125
Epoch 22/300, Average Loss: 0.167628, Learning Rate: 0.000325
No improvement for 16 epochs. Best loss: 0.167125
Epoch 23/300, Average Loss: 0.166692, Learning Rate: 0.000348
New best model with loss: 0.166692
Epoch 24/300, Average Loss: 0.164026, Learning Rate: 0.000372
New best model with loss: 0.164026
Epoch 25/300, Average Loss: 0.159839, Learning Rate: 0.000396
New best model with loss: 0.159839
Epoch 26/300, Average Loss: 0.158502, Learning Rate: 0.000420
New best model with loss: 0.158502
Epoch 27/300, Average Loss: 0.156225, Learning Rate: 0.000445
New best model with loss: 0.156225
Epoch 28/300, Average Loss: 0.150720, Learning Rate: 0.000470
New best model with loss: 0.150720
Epoch 29/300, Average Loss: 0.149190, Learning Rate: 0.000495
New best model with loss: 0.149190
Epoch 30/300, Average Loss: 0.146053, Learning Rate: 0.000520
New best model with loss: 0.146053
Epoch 31/300, Average Loss: 0.148126, Learning Rate: 0.000545
No improvement for 1 epochs. Best loss: 0.146053
Epoch 32/300, Average Loss: 0.142175, Learning Rate: 0.000570
New best model with loss: 0.142175
Epoch 33/300, Average Loss: 0.143454, Learning Rate: 0.000595
No improvement for 1 epochs. Best loss: 0.142175
Epoch 34/300, Average Loss: 0.139771, Learning Rate: 0.000620
New best model with loss: 0.139771
Epoch 35/300, Average Loss: 0.141214, Learning Rate: 0.000644
No improvement for 1 epochs. Best loss: 0.139771
Epoch 36/300, Average Loss: 0.139381, Learning Rate: 0.000668
New best model with loss: 0.139381
Epoch 37/300, Average Loss: 0.136283, Learning Rate: 0.000692
New best model with loss: 0.136283
Epoch 38/300, Average Loss: 0.137030, Learning Rate: 0.000715
No improvement for 1 epochs. Best loss: 0.136283
Epoch 39/300, Average Loss: 0.138258, Learning Rate: 0.000738
No improvement for 2 epochs. Best loss: 0.136283
Epoch 40/300, Average Loss: 0.136489, Learning Rate: 0.000760
No improvement for 3 epochs. Best loss: 0.136283
Epoch 41/300, Average Loss: 0.136434, Learning Rate: 0.000781
No improvement for 4 epochs. Best loss: 0.136283
Epoch 42/300, Average Loss: 0.133230, Learning Rate: 0.000802
New best model with loss: 0.133230
Epoch 43/300, Average Loss: 0.132572, Learning Rate: 0.000822
New best model with loss: 0.132572
Epoch 44/300, Average Loss: 0.134290, Learning Rate: 0.000841
No improvement for 1 epochs. Best loss: 0.132572
Epoch 45/300, Average Loss: 0.131104, Learning Rate: 0.000859
New best model with loss: 0.131104
Epoch 46/300, Average Loss: 0.130635, Learning Rate: 0.000877
New best model with loss: 0.130635
Epoch 47/300, Average Loss: 0.131092, Learning Rate: 0.000893
No improvement for 1 epochs. Best loss: 0.130635
Epoch 48/300, Average Loss: 0.128092, Learning Rate: 0.000908
New best model with loss: 0.128092
Epoch 49/300, Average Loss: 0.130376, Learning Rate: 0.000923
No improvement for 1 epochs. Best loss: 0.128092
Epoch 50/300, Average Loss: 0.128644, Learning Rate: 0.000936
No improvement for 2 epochs. Best loss: 0.128092
Epoch 51/300, Average Loss: 0.128583, Learning Rate: 0.000948
No improvement for 3 epochs. Best loss: 0.128092
Epoch 52/300, Average Loss: 0.127595, Learning Rate: 0.000959
New best model with loss: 0.127595
Epoch 53/300, Average Loss: 0.126212, Learning Rate: 0.000968
New best model with loss: 0.126212
Epoch 54/300, Average Loss: 0.127027, Learning Rate: 0.000977
No improvement for 1 epochs. Best loss: 0.126212
Epoch 55/300, Average Loss: 0.126988, Learning Rate: 0.000984
No improvement for 2 epochs. Best loss: 0.126212
Epoch 56/300, Average Loss: 0.124110, Learning Rate: 0.000990
New best model with loss: 0.124110
Epoch 57/300, Average Loss: 0.123645, Learning Rate: 0.000994
New best model with loss: 0.123645
Epoch 58/300, Average Loss: 0.126065, Learning Rate: 0.000997
No improvement for 1 epochs. Best loss: 0.123645
Epoch 59/300, Average Loss: 0.122455, Learning Rate: 0.000999
New best model with loss: 0.122455
Epoch 60/300, Average Loss: 0.122060, Learning Rate: 0.001000
New best model with loss: 0.122060
Epoch 61/300, Average Loss: 0.121861, Learning Rate: 0.001000
New best model with loss: 0.121861
Epoch 62/300, Average Loss: 0.122509, Learning Rate: 0.001000
No improvement for 1 epochs. Best loss: 0.121861
Epoch 63/300, Average Loss: 0.120933, Learning Rate: 0.001000
New best model with loss: 0.120933
Epoch 64/300, Average Loss: 0.120229, Learning Rate: 0.000999
New best model with loss: 0.120229
Epoch 65/300, Average Loss: 0.120016, Learning Rate: 0.000999
New best model with loss: 0.120016
Epoch 66/300, Average Loss: 0.121947, Learning Rate: 0.000998
No improvement for 1 epochs. Best loss: 0.120016
Epoch 67/300, Average Loss: 0.120670, Learning Rate: 0.000998
No improvement for 2 epochs. Best loss: 0.120016
Epoch 68/300, Average Loss: 0.118693, Learning Rate: 0.000997
New best model with loss: 0.118693
Epoch 69/300, Average Loss: 0.119003, Learning Rate: 0.000997
No improvement for 1 epochs. Best loss: 0.118693
Epoch 70/300, Average Loss: 0.118098, Learning Rate: 0.000996
New best model with loss: 0.118098
Epoch 71/300, Average Loss: 0.118960, Learning Rate: 0.000995
No improvement for 1 epochs. Best loss: 0.118098
Epoch 72/300, Average Loss: 0.116803, Learning Rate: 0.000994
New best model with loss: 0.116803
Epoch 73/300, Average Loss: 0.116315, Learning Rate: 0.000993
New best model with loss: 0.116315
Epoch 74/300, Average Loss: 0.116029, Learning Rate: 0.000992
New best model with loss: 0.116029
Epoch 75/300, Average Loss: 0.118233, Learning Rate: 0.000990
No improvement for 1 epochs. Best loss: 0.116029
Epoch 76/300, Average Loss: 0.115695, Learning Rate: 0.000989
New best model with loss: 0.115695
Epoch 77/300, Average Loss: 0.116152, Learning Rate: 0.000988
No improvement for 1 epochs. Best loss: 0.115695
Epoch 78/300, Average Loss: 0.114981, Learning Rate: 0.000986
New best model with loss: 0.114981
Epoch 79/300, Average Loss: 0.113699, Learning Rate: 0.000985
New best model with loss: 0.113699
Epoch 80/300, Average Loss: 0.115581, Learning Rate: 0.000983
No improvement for 1 epochs. Best loss: 0.113699
Epoch 81/300, Average Loss: 0.114312, Learning Rate: 0.000981
No improvement for 2 epochs. Best loss: 0.113699
Epoch 82/300, Average Loss: 0.114624, Learning Rate: 0.000979
No improvement for 3 epochs. Best loss: 0.113699
Epoch 83/300, Average Loss: 0.115020, Learning Rate: 0.000978
No improvement for 4 epochs. Best loss: 0.113699
Epoch 84/300, Average Loss: 0.115863, Learning Rate: 0.000976
No improvement for 5 epochs. Best loss: 0.113699
Epoch 85/300, Average Loss: 0.114375, Learning Rate: 0.000974
No improvement for 6 epochs. Best loss: 0.113699
Epoch 86/300, Average Loss: 0.115157, Learning Rate: 0.000971
No improvement for 7 epochs. Best loss: 0.113699
Epoch 87/300, Average Loss: 0.113695, Learning Rate: 0.000969
No improvement for 8 epochs. Best loss: 0.113699
Epoch 88/300, Average Loss: 0.112753, Learning Rate: 0.000967
New best model with loss: 0.112753
Epoch 89/300, Average Loss: 0.112348, Learning Rate: 0.000964
New best model with loss: 0.112348
Epoch 90/300, Average Loss: 0.113489, Learning Rate: 0.000962
No improvement for 1 epochs. Best loss: 0.112348
Epoch 91/300, Average Loss: 0.110281, Learning Rate: 0.000959
New best model with loss: 0.110281
Epoch 92/300, Average Loss: 0.113230, Learning Rate: 0.000957
No improvement for 1 epochs. Best loss: 0.110281
Epoch 93/300, Average Loss: 0.111482, Learning Rate: 0.000954
No improvement for 2 epochs. Best loss: 0.110281
Epoch 94/300, Average Loss: 0.114342, Learning Rate: 0.000951
No improvement for 3 epochs. Best loss: 0.110281
Epoch 95/300, Average Loss: 0.112736, Learning Rate: 0.000949
No improvement for 4 epochs. Best loss: 0.110281
Epoch 96/300, Average Loss: 0.114038, Learning Rate: 0.000946
No improvement for 5 epochs. Best loss: 0.110281
Epoch 97/300, Average Loss: 0.111509, Learning Rate: 0.000943
No improvement for 6 epochs. Best loss: 0.110281
Epoch 98/300, Average Loss: 0.111014, Learning Rate: 0.000940
No improvement for 7 epochs. Best loss: 0.110281
Epoch 99/300, Average Loss: 0.113371, Learning Rate: 0.000936
No improvement for 8 epochs. Best loss: 0.110281
Epoch 100/300, Average Loss: 0.111339, Learning Rate: 0.000933
No improvement for 9 epochs. Best loss: 0.110281
Epoch 101/300, Average Loss: 0.110626, Learning Rate: 0.000930
No improvement for 10 epochs. Best loss: 0.110281
Epoch 102/300, Average Loss: 0.111854, Learning Rate: 0.000926
No improvement for 11 epochs. Best loss: 0.110281
Epoch 103/300, Average Loss: 0.111545, Learning Rate: 0.000923
No improvement for 12 epochs. Best loss: 0.110281
Epoch 104/300, Average Loss: 0.110658, Learning Rate: 0.000919
No improvement for 13 epochs. Best loss: 0.110281
Epoch 105/300, Average Loss: 0.109943, Learning Rate: 0.000916
New best model with loss: 0.109943
Epoch 106/300, Average Loss: 0.110934, Learning Rate: 0.000912
No improvement for 1 epochs. Best loss: 0.109943
Epoch 107/300, Average Loss: 0.112507, Learning Rate: 0.000908
No improvement for 2 epochs. Best loss: 0.109943
Epoch 108/300, Average Loss: 0.110551, Learning Rate: 0.000905
No improvement for 3 epochs. Best loss: 0.109943
Epoch 109/300, Average Loss: 0.110406, Learning Rate: 0.000901
No improvement for 4 epochs. Best loss: 0.109943
Epoch 110/300, Average Loss: 0.109969, Learning Rate: 0.000897
No improvement for 5 epochs. Best loss: 0.109943
Epoch 111/300, Average Loss: 0.108883, Learning Rate: 0.000893
New best model with loss: 0.108883
Epoch 112/300, Average Loss: 0.110010, Learning Rate: 0.000889
No improvement for 1 epochs. Best loss: 0.108883
Epoch 113/300, Average Loss: 0.110120, Learning Rate: 0.000885
No improvement for 2 epochs. Best loss: 0.108883
Epoch 114/300, Average Loss: 0.107893, Learning Rate: 0.000880
New best model with loss: 0.107893
Epoch 115/300, Average Loss: 0.109428, Learning Rate: 0.000876
No improvement for 1 epochs. Best loss: 0.107893
Epoch 116/300, Average Loss: 0.111009, Learning Rate: 0.000872
No improvement for 2 epochs. Best loss: 0.107893
Epoch 117/300, Average Loss: 0.109237, Learning Rate: 0.000867
No improvement for 3 epochs. Best loss: 0.107893
Epoch 118/300, Average Loss: 0.108950, Learning Rate: 0.000863
No improvement for 4 epochs. Best loss: 0.107893
Epoch 119/300, Average Loss: 0.107248, Learning Rate: 0.000858
New best model with loss: 0.107248
Epoch 120/300, Average Loss: 0.107697, Learning Rate: 0.000854
No improvement for 1 epochs. Best loss: 0.107248
Epoch 121/300, Average Loss: 0.107263, Learning Rate: 0.000849
No improvement for 2 epochs. Best loss: 0.107248
Epoch 122/300, Average Loss: 0.107779, Learning Rate: 0.000844
No improvement for 3 epochs. Best loss: 0.107248
Epoch 123/300, Average Loss: 0.106835, Learning Rate: 0.000840
New best model with loss: 0.106835
Epoch 124/300, Average Loss: 0.107021, Learning Rate: 0.000835
No improvement for 1 epochs. Best loss: 0.106835
Epoch 125/300, Average Loss: 0.105585, Learning Rate: 0.000830
New best model with loss: 0.105585
Epoch 126/300, Average Loss: 0.108619, Learning Rate: 0.000825
No improvement for 1 epochs. Best loss: 0.105585
Epoch 127/300, Average Loss: 0.107307, Learning Rate: 0.000820
No improvement for 2 epochs. Best loss: 0.105585
Epoch 128/300, Average Loss: 0.108467, Learning Rate: 0.000815
No improvement for 3 epochs. Best loss: 0.105585
Epoch 129/300, Average Loss: 0.106099, Learning Rate: 0.000810
No improvement for 4 epochs. Best loss: 0.105585
Epoch 130/300, Average Loss: 0.105215, Learning Rate: 0.000805
New best model with loss: 0.105215
Epoch 131/300, Average Loss: 0.105322, Learning Rate: 0.000799
No improvement for 1 epochs. Best loss: 0.105215
Epoch 132/300, Average Loss: 0.105395, Learning Rate: 0.000794
No improvement for 2 epochs. Best loss: 0.105215
Epoch 133/300, Average Loss: 0.106852, Learning Rate: 0.000789
No improvement for 3 epochs. Best loss: 0.105215
Epoch 134/300, Average Loss: 0.105267, Learning Rate: 0.000784
No improvement for 4 epochs. Best loss: 0.105215
Epoch 135/300, Average Loss: 0.105709, Learning Rate: 0.000778
No improvement for 5 epochs. Best loss: 0.105215
Epoch 136/300, Average Loss: 0.105493, Learning Rate: 0.000773
No improvement for 6 epochs. Best loss: 0.105215
Epoch 137/300, Average Loss: 0.106576, Learning Rate: 0.000767
No improvement for 7 epochs. Best loss: 0.105215
Epoch 138/300, Average Loss: 0.104528, Learning Rate: 0.000762
New best model with loss: 0.104528
Epoch 139/300, Average Loss: 0.106663, Learning Rate: 0.000756
No improvement for 1 epochs. Best loss: 0.104528
Epoch 140/300, Average Loss: 0.105457, Learning Rate: 0.000750
No improvement for 2 epochs. Best loss: 0.104528
Epoch 141/300, Average Loss: 0.103705, Learning Rate: 0.000745
New best model with loss: 0.103705
Epoch 142/300, Average Loss: 0.105628, Learning Rate: 0.000739
No improvement for 1 epochs. Best loss: 0.103705
Epoch 143/300, Average Loss: 0.104602, Learning Rate: 0.000733
No improvement for 2 epochs. Best loss: 0.103705
Epoch 144/300, Average Loss: 0.106061, Learning Rate: 0.000727
No improvement for 3 epochs. Best loss: 0.103705
Epoch 145/300, Average Loss: 0.105437, Learning Rate: 0.000722
No improvement for 4 epochs. Best loss: 0.103705
Epoch 146/300, Average Loss: 0.103840, Learning Rate: 0.000716
No improvement for 5 epochs. Best loss: 0.103705
Epoch 147/300, Average Loss: 0.104297, Learning Rate: 0.000710
No improvement for 6 epochs. Best loss: 0.103705
Epoch 148/300, Average Loss: 0.105233, Learning Rate: 0.000704
No improvement for 7 epochs. Best loss: 0.103705
Epoch 149/300, Average Loss: 0.102328, Learning Rate: 0.000698
New best model with loss: 0.102328
Epoch 150/300, Average Loss: 0.104179, Learning Rate: 0.000692
No improvement for 1 epochs. Best loss: 0.102328
Epoch 151/300, Average Loss: 0.102099, Learning Rate: 0.000686
New best model with loss: 0.102099
Epoch 152/300, Average Loss: 0.103003, Learning Rate: 0.000680
No improvement for 1 epochs. Best loss: 0.102099
Epoch 153/300, Average Loss: 0.103904, Learning Rate: 0.000674
No improvement for 2 epochs. Best loss: 0.102099
Epoch 154/300, Average Loss: 0.102343, Learning Rate: 0.000667
No improvement for 3 epochs. Best loss: 0.102099
Epoch 155/300, Average Loss: 0.102500, Learning Rate: 0.000661
No improvement for 4 epochs. Best loss: 0.102099
Epoch 156/300, Average Loss: 0.102206, Learning Rate: 0.000655
No improvement for 5 epochs. Best loss: 0.102099
Epoch 157/300, Average Loss: 0.100875, Learning Rate: 0.000649
New best model with loss: 0.100875
Epoch 158/300, Average Loss: 0.103710, Learning Rate: 0.000643
No improvement for 1 epochs. Best loss: 0.100875
Epoch 159/300, Average Loss: 0.102318, Learning Rate: 0.000636
No improvement for 2 epochs. Best loss: 0.100875
Epoch 160/300, Average Loss: 0.101725, Learning Rate: 0.000630
No improvement for 3 epochs. Best loss: 0.100875
Epoch 161/300, Average Loss: 0.102431, Learning Rate: 0.000624
No improvement for 4 epochs. Best loss: 0.100875
Epoch 162/300, Average Loss: 0.101034, Learning Rate: 0.000617
No improvement for 5 epochs. Best loss: 0.100875
Epoch 163/300, Average Loss: 0.101514, Learning Rate: 0.000611
No improvement for 6 epochs. Best loss: 0.100875
Epoch 164/300, Average Loss: 0.101509, Learning Rate: 0.000605
No improvement for 7 epochs. Best loss: 0.100875
Epoch 165/300, Average Loss: 0.101595, Learning Rate: 0.000598
No improvement for 8 epochs. Best loss: 0.100875
Epoch 166/300, Average Loss: 0.100649, Learning Rate: 0.000592
New best model with loss: 0.100649
Epoch 167/300, Average Loss: 0.103194, Learning Rate: 0.000585
No improvement for 1 epochs. Best loss: 0.100649
Epoch 168/300, Average Loss: 0.101391, Learning Rate: 0.000579
No improvement for 2 epochs. Best loss: 0.100649
Epoch 169/300, Average Loss: 0.101552, Learning Rate: 0.000572
No improvement for 3 epochs. Best loss: 0.100649
Epoch 170/300, Average Loss: 0.101497, Learning Rate: 0.000566
No improvement for 4 epochs. Best loss: 0.100649
Epoch 171/300, Average Loss: 0.101816, Learning Rate: 0.000559
No improvement for 5 epochs. Best loss: 0.100649
Epoch 172/300, Average Loss: 0.099721, Learning Rate: 0.000553
New best model with loss: 0.099721
Epoch 173/300, Average Loss: 0.101857, Learning Rate: 0.000546
No improvement for 1 epochs. Best loss: 0.099721
Epoch 174/300, Average Loss: 0.100475, Learning Rate: 0.000540
No improvement for 2 epochs. Best loss: 0.099721
Epoch 175/300, Average Loss: 0.101377, Learning Rate: 0.000533
No improvement for 3 epochs. Best loss: 0.099721
Epoch 176/300, Average Loss: 0.098833, Learning Rate: 0.000527
New best model with loss: 0.098833
Epoch 177/300, Average Loss: 0.100746, Learning Rate: 0.000520
No improvement for 1 epochs. Best loss: 0.098833
Epoch 178/300, Average Loss: 0.098106, Learning Rate: 0.000514
New best model with loss: 0.098106
Epoch 179/300, Average Loss: 0.099518, Learning Rate: 0.000507
No improvement for 1 epochs. Best loss: 0.098106
Epoch 180/300, Average Loss: 0.099320, Learning Rate: 0.000501
No improvement for 2 epochs. Best loss: 0.098106
Epoch 181/300, Average Loss: 0.099703, Learning Rate: 0.000494
No improvement for 3 epochs. Best loss: 0.098106
Epoch 182/300, Average Loss: 0.098848, Learning Rate: 0.000488
No improvement for 4 epochs. Best loss: 0.098106
Epoch 183/300, Average Loss: 0.100128, Learning Rate: 0.000481
No improvement for 5 epochs. Best loss: 0.098106
Epoch 184/300, Average Loss: 0.098682, Learning Rate: 0.000475
No improvement for 6 epochs. Best loss: 0.098106
Epoch 185/300, Average Loss: 0.098520, Learning Rate: 0.000468
No improvement for 7 epochs. Best loss: 0.098106
Epoch 186/300, Average Loss: 0.099319, Learning Rate: 0.000462
No improvement for 8 epochs. Best loss: 0.098106
Epoch 187/300, Average Loss: 0.098020, Learning Rate: 0.000455
No improvement for 9 epochs. Best loss: 0.098106
Epoch 188/300, Average Loss: 0.098797, Learning Rate: 0.000449
No improvement for 10 epochs. Best loss: 0.098106
Epoch 189/300, Average Loss: 0.099212, Learning Rate: 0.000442
No improvement for 11 epochs. Best loss: 0.098106
Epoch 190/300, Average Loss: 0.099065, Learning Rate: 0.000436
No improvement for 12 epochs. Best loss: 0.098106
Epoch 191/300, Average Loss: 0.098645, Learning Rate: 0.000429
No improvement for 13 epochs. Best loss: 0.098106
Epoch 192/300, Average Loss: 0.097479, Learning Rate: 0.000423
New best model with loss: 0.097479
Epoch 193/300, Average Loss: 0.098827, Learning Rate: 0.000416
No improvement for 1 epochs. Best loss: 0.097479
Epoch 194/300, Average Loss: 0.097833, Learning Rate: 0.000410
No improvement for 2 epochs. Best loss: 0.097479
Epoch 195/300, Average Loss: 0.098553, Learning Rate: 0.000403
No improvement for 3 epochs. Best loss: 0.097479
Epoch 196/300, Average Loss: 0.098585, Learning Rate: 0.000397
No improvement for 4 epochs. Best loss: 0.097479
Epoch 197/300, Average Loss: 0.098739, Learning Rate: 0.000391
No improvement for 5 epochs. Best loss: 0.097479
Epoch 198/300, Average Loss: 0.098219, Learning Rate: 0.000384
No improvement for 6 epochs. Best loss: 0.097479
Epoch 199/300, Average Loss: 0.097324, Learning Rate: 0.000378
New best model with loss: 0.097324
Epoch 200/300, Average Loss: 0.096751, Learning Rate: 0.000372
New best model with loss: 0.096751
Epoch 201/300, Average Loss: 0.095826, Learning Rate: 0.000365
New best model with loss: 0.095826
Epoch 202/300, Average Loss: 0.095974, Learning Rate: 0.000359
No improvement for 1 epochs. Best loss: 0.095826
Epoch 203/300, Average Loss: 0.095523, Learning Rate: 0.000353
New best model with loss: 0.095523
Epoch 204/300, Average Loss: 0.096387, Learning Rate: 0.000347
No improvement for 1 epochs. Best loss: 0.095523
Epoch 205/300, Average Loss: 0.098042, Learning Rate: 0.000340
No improvement for 2 epochs. Best loss: 0.095523
Epoch 206/300, Average Loss: 0.095668, Learning Rate: 0.000334
No improvement for 3 epochs. Best loss: 0.095523
Epoch 207/300, Average Loss: 0.095350, Learning Rate: 0.000328
New best model with loss: 0.095350
Epoch 208/300, Average Loss: 0.095385, Learning Rate: 0.000322
No improvement for 1 epochs. Best loss: 0.095350
Epoch 209/300, Average Loss: 0.095559, Learning Rate: 0.000316
No improvement for 2 epochs. Best loss: 0.095350
Epoch 210/300, Average Loss: 0.097347, Learning Rate: 0.000310
No improvement for 3 epochs. Best loss: 0.095350
Epoch 211/300, Average Loss: 0.096438, Learning Rate: 0.000304
No improvement for 4 epochs. Best loss: 0.095350
Epoch 212/300, Average Loss: 0.095718, Learning Rate: 0.000298
No improvement for 5 epochs. Best loss: 0.095350
Epoch 213/300, Average Loss: 0.094405, Learning Rate: 0.000292
New best model with loss: 0.094405
Epoch 214/300, Average Loss: 0.096283, Learning Rate: 0.000286
No improvement for 1 epochs. Best loss: 0.094405
Epoch 215/300, Average Loss: 0.095084, Learning Rate: 0.000280
No improvement for 2 epochs. Best loss: 0.094405
Epoch 216/300, Average Loss: 0.094416, Learning Rate: 0.000274
No improvement for 3 epochs. Best loss: 0.094405
Epoch 217/300, Average Loss: 0.095466, Learning Rate: 0.000268
No improvement for 4 epochs. Best loss: 0.094405
Epoch 218/300, Average Loss: 0.094585, Learning Rate: 0.000263
No improvement for 5 epochs. Best loss: 0.094405
Epoch 219/300, Average Loss: 0.095578, Learning Rate: 0.000257
No improvement for 6 epochs. Best loss: 0.094405
Epoch 220/300, Average Loss: 0.093918, Learning Rate: 0.000251
New best model with loss: 0.093918
Epoch 221/300, Average Loss: 0.093786, Learning Rate: 0.000246
New best model with loss: 0.093786
Epoch 222/300, Average Loss: 0.094504, Learning Rate: 0.000240
No improvement for 1 epochs. Best loss: 0.093786
Epoch 223/300, Average Loss: 0.094757, Learning Rate: 0.000234
No improvement for 2 epochs. Best loss: 0.093786
Epoch 224/300, Average Loss: 0.094309, Learning Rate: 0.000229
No improvement for 3 epochs. Best loss: 0.093786
Epoch 225/300, Average Loss: 0.094301, Learning Rate: 0.000223
No improvement for 4 epochs. Best loss: 0.093786
Epoch 226/300, Average Loss: 0.093841, Learning Rate: 0.000218
No improvement for 5 epochs. Best loss: 0.093786
Epoch 227/300, Average Loss: 0.094182, Learning Rate: 0.000213
No improvement for 6 epochs. Best loss: 0.093786
Epoch 228/300, Average Loss: 0.094632, Learning Rate: 0.000207
No improvement for 7 epochs. Best loss: 0.093786
Epoch 229/300, Average Loss: 0.093940, Learning Rate: 0.000202
No improvement for 8 epochs. Best loss: 0.093786
Epoch 230/300, Average Loss: 0.094606, Learning Rate: 0.000197
No improvement for 9 epochs. Best loss: 0.093786
Epoch 231/300, Average Loss: 0.094007, Learning Rate: 0.000192
No improvement for 10 epochs. Best loss: 0.093786
Epoch 232/300, Average Loss: 0.093881, Learning Rate: 0.000187
No improvement for 11 epochs. Best loss: 0.093786
Epoch 233/300, Average Loss: 0.093750, Learning Rate: 0.000182
No improvement for 12 epochs. Best loss: 0.093786
Epoch 234/300, Average Loss: 0.091599, Learning Rate: 0.000177
New best model with loss: 0.091599
Epoch 235/300, Average Loss: 0.094217, Learning Rate: 0.000172
No improvement for 1 epochs. Best loss: 0.091599
Epoch 236/300, Average Loss: 0.092803, Learning Rate: 0.000167
No improvement for 2 epochs. Best loss: 0.091599
Epoch 237/300, Average Loss: 0.093908, Learning Rate: 0.000162
No improvement for 3 epochs. Best loss: 0.091599
Epoch 238/300, Average Loss: 0.094569, Learning Rate: 0.000157
No improvement for 4 epochs. Best loss: 0.091599
Epoch 239/300, Average Loss: 0.093431, Learning Rate: 0.000152
No improvement for 5 epochs. Best loss: 0.091599
Epoch 240/300, Average Loss: 0.093559, Learning Rate: 0.000148
No improvement for 6 epochs. Best loss: 0.091599
Epoch 241/300, Average Loss: 0.092347, Learning Rate: 0.000143
No improvement for 7 epochs. Best loss: 0.091599
Epoch 242/300, Average Loss: 0.093126, Learning Rate: 0.000139
No improvement for 8 epochs. Best loss: 0.091599
Epoch 243/300, Average Loss: 0.093261, Learning Rate: 0.000134
No improvement for 9 epochs. Best loss: 0.091599
Epoch 244/300, Average Loss: 0.092505, Learning Rate: 0.000130
No improvement for 10 epochs. Best loss: 0.091599
Epoch 245/300, Average Loss: 0.091000, Learning Rate: 0.000125
New best model with loss: 0.091000
Epoch 246/300, Average Loss: 0.093170, Learning Rate: 0.000121
No improvement for 1 epochs. Best loss: 0.091000
Epoch 247/300, Average Loss: 0.091881, Learning Rate: 0.000117
No improvement for 2 epochs. Best loss: 0.091000
Epoch 248/300, Average Loss: 0.090926, Learning Rate: 0.000113
No improvement for 3 epochs. Best loss: 0.091000
Epoch 249/300, Average Loss: 0.091483, Learning Rate: 0.000109
No improvement for 4 epochs. Best loss: 0.091000
Epoch 250/300, Average Loss: 0.092520, Learning Rate: 0.000105
No improvement for 5 epochs. Best loss: 0.091000
Epoch 251/300, Average Loss: 0.092301, Learning Rate: 0.000101
No improvement for 6 epochs. Best loss: 0.091000
Epoch 252/300, Average Loss: 0.092289, Learning Rate: 0.000097
No improvement for 7 epochs. Best loss: 0.091000
Epoch 253/300, Average Loss: 0.092142, Learning Rate: 0.000093
No improvement for 8 epochs. Best loss: 0.091000
Epoch 254/300, Average Loss: 0.093686, Learning Rate: 0.000089
No improvement for 9 epochs. Best loss: 0.091000
Epoch 255/300, Average Loss: 0.091693, Learning Rate: 0.000086
No improvement for 10 epochs. Best loss: 0.091000
Epoch 256/300, Average Loss: 0.091626, Learning Rate: 0.000082
No improvement for 11 epochs. Best loss: 0.091000
Epoch 257/300, Average Loss: 0.092924, Learning Rate: 0.000079
No improvement for 12 epochs. Best loss: 0.091000
Epoch 258/300, Average Loss: 0.093768, Learning Rate: 0.000075
No improvement for 13 epochs. Best loss: 0.091000
Epoch 259/300, Average Loss: 0.093096, Learning Rate: 0.000072
No improvement for 14 epochs. Best loss: 0.091000
Epoch 260/300, Average Loss: 0.092512, Learning Rate: 0.000068
No improvement for 15 epochs. Best loss: 0.091000
Epoch 261/300, Average Loss: 0.091047, Learning Rate: 0.000065
No improvement for 16 epochs. Best loss: 0.091000
Epoch 262/300, Average Loss: 0.090350, Learning Rate: 0.000062
New best model with loss: 0.090350
Epoch 263/300, Average Loss: 0.092909, Learning Rate: 0.000059
No improvement for 1 epochs. Best loss: 0.090350
Epoch 264/300, Average Loss: 0.092775, Learning Rate: 0.000056
No improvement for 2 epochs. Best loss: 0.090350
Epoch 265/300, Average Loss: 0.092048, Learning Rate: 0.000053
No improvement for 3 epochs. Best loss: 0.090350
Epoch 266/300, Average Loss: 0.092298, Learning Rate: 0.000050
No improvement for 4 epochs. Best loss: 0.090350
Epoch 267/300, Average Loss: 0.092303, Learning Rate: 0.000047
No improvement for 5 epochs. Best loss: 0.090350
Epoch 268/300, Average Loss: 0.092387, Learning Rate: 0.000045
No improvement for 6 epochs. Best loss: 0.090350
Epoch 269/300, Average Loss: 0.091529, Learning Rate: 0.000042
No improvement for 7 epochs. Best loss: 0.090350
Epoch 270/300, Average Loss: 0.092646, Learning Rate: 0.000040
No improvement for 8 epochs. Best loss: 0.090350
Epoch 271/300, Average Loss: 0.090963, Learning Rate: 0.000037
No improvement for 9 epochs. Best loss: 0.090350
Epoch 272/300, Average Loss: 0.093299, Learning Rate: 0.000035
No improvement for 10 epochs. Best loss: 0.090350
Epoch 273/300, Average Loss: 0.090822, Learning Rate: 0.000032
No improvement for 11 epochs. Best loss: 0.090350
Epoch 274/300, Average Loss: 0.091401, Learning Rate: 0.000030
No improvement for 12 epochs. Best loss: 0.090350
Epoch 275/300, Average Loss: 0.092342, Learning Rate: 0.000028
No improvement for 13 epochs. Best loss: 0.090350
Epoch 276/300, Average Loss: 0.090166, Learning Rate: 0.000026
New best model with loss: 0.090166
Epoch 277/300, Average Loss: 0.090298, Learning Rate: 0.000024
No improvement for 1 epochs. Best loss: 0.090166
Epoch 278/300, Average Loss: 0.091211, Learning Rate: 0.000022
No improvement for 2 epochs. Best loss: 0.090166
Epoch 279/300, Average Loss: 0.091807, Learning Rate: 0.000020
No improvement for 3 epochs. Best loss: 0.090166
Epoch 280/300, Average Loss: 0.091821, Learning Rate: 0.000019
No improvement for 4 epochs. Best loss: 0.090166
Epoch 281/300, Average Loss: 0.091290, Learning Rate: 0.000017
No improvement for 5 epochs. Best loss: 0.090166
Epoch 282/300, Average Loss: 0.090567, Learning Rate: 0.000015
No improvement for 6 epochs. Best loss: 0.090166
Epoch 283/300, Average Loss: 0.092221, Learning Rate: 0.000014
No improvement for 7 epochs. Best loss: 0.090166
Epoch 284/300, Average Loss: 0.090741, Learning Rate: 0.000013
No improvement for 8 epochs. Best loss: 0.090166
Epoch 285/300, Average Loss: 0.090747, Learning Rate: 0.000011
No improvement for 9 epochs. Best loss: 0.090166
Epoch 286/300, Average Loss: 0.090384, Learning Rate: 0.000010
No improvement for 10 epochs. Best loss: 0.090166
Epoch 287/300, Average Loss: 0.091050, Learning Rate: 0.000009
No improvement for 11 epochs. Best loss: 0.090166
Epoch 288/300, Average Loss: 0.091329, Learning Rate: 0.000008
No improvement for 12 epochs. Best loss: 0.090166
Epoch 289/300, Average Loss: 0.092463, Learning Rate: 0.000007
No improvement for 13 epochs. Best loss: 0.090166
Epoch 290/300, Average Loss: 0.090892, Learning Rate: 0.000006
No improvement for 14 epochs. Best loss: 0.090166
Epoch 291/300, Average Loss: 0.089868, Learning Rate: 0.000005
New best model with loss: 0.089868
Epoch 292/300, Average Loss: 0.091919, Learning Rate: 0.000004
No improvement for 1 epochs. Best loss: 0.089868
Epoch 293/300, Average Loss: 0.091454, Learning Rate: 0.000004
No improvement for 2 epochs. Best loss: 0.089868
Epoch 294/300, Average Loss: 0.091422, Learning Rate: 0.000003
No improvement for 3 epochs. Best loss: 0.089868
Epoch 295/300, Average Loss: 0.091764, Learning Rate: 0.000003
No improvement for 4 epochs. Best loss: 0.089868
Epoch 296/300, Average Loss: 0.090844, Learning Rate: 0.000002
No improvement for 5 epochs. Best loss: 0.089868
Epoch 297/300, Average Loss: 0.090562, Learning Rate: 0.000002
No improvement for 6 epochs. Best loss: 0.089868
Epoch 298/300, Average Loss: 0.091329, Learning Rate: 0.000002
No improvement for 7 epochs. Best loss: 0.089868
/beegfs/HPCscratch/kreuer/CAMDA_25/generators/EmbeddedDiffusion/main.py:58: FutureWarning: Downcasting behavior in `replace` is deprecated and will be removed in a future version. To retain the old behavior, explicitly call `result.infer_objects(copy=False)`. To opt-in to the future behavior, set `pd.set_option('future.no_silent_downcasting', True)`
  self.y_train = y_train.replace(self.label_mapping).values
Epoch 299/300, Average Loss: 0.089480, Learning Rate: 0.000002
New best model with loss: 0.089480
Model saved to /beegfs/HPCscratch/kreuer/CAMDA_25/models/embedded_diffusion_3.pth
Generating 250 samples for label 2...
Generating 600 samples for label 4...
Generating 136 samples for label 4...
Generating 282 samples for label 5...
Generating 356 samples for label 0...
Generating 344 samples for label 6...
Generating 120 samples for label 7...
Generating 340 samples for label 9...
Generating 197 samples for label 8...
Generating 308 samples for label 10...
Generating 333 samples for label 1...
Generating 124 samples for label 3...
Generating 68 samples for label 11...
Synthetic data saved in /beegfs/HPCscratch/kreuer/CAMDA_25/data/TCGA-COMBINED/synthetic/embedded_diffusion/combined_3.
