/beegfs/HPCscratch/kreuer/CAMDA_25/generators/EmbeddedDiffusion/main.py:180: FutureWarning: Downcasting behavior in `replace` is deprecated and will be removed in a future version. To retain the old behavior, explicitly call `result.infer_objects(copy=False)`. To opt-in to the future behavior, set `pd.set_option('future.no_silent_downcasting', True)`
  y_numpy = y_train.replace(
embedded_diffusion
Using 8 groups for GroupNorm
Using 8 groups for GroupNorm
Applying SMOTE to balance the dataset...
Class distribution before SMOTE: Counter({4: 736, 0: 356, 9: 352, 1: 334, 6: 331, 10: 308, 5: 283, 2: 249, 8: 197, 3: 124, 7: 120, 11: 69})
Class distribution after SMOTE: Counter({0: 3000, 1: 3000, 2: 3000, 3: 3000, 4: 3000, 6: 3000, 7: 3000, 8: 3000, 9: 3000, 10: 3000, 5: 3000, 11: 3000})
Epoch 0/300, Average Loss: 1.091225, Learning Rate: 0.000040
New best model with loss: 1.091225
Epoch 1/300, Average Loss: 0.693446, Learning Rate: 0.000041
New best model with loss: 0.693446
Epoch 2/300, Average Loss: 0.339826, Learning Rate: 0.000043
New best model with loss: 0.339826
Epoch 3/300, Average Loss: 0.215235, Learning Rate: 0.000046
New best model with loss: 0.215235
Epoch 4/300, Average Loss: 0.179454, Learning Rate: 0.000050
New best model with loss: 0.179454
Epoch 5/300, Average Loss: 0.171716, Learning Rate: 0.000056
New best model with loss: 0.171716
Epoch 6/300, Average Loss: 0.168960, Learning Rate: 0.000063
New best model with loss: 0.168960
Epoch 7/300, Average Loss: 0.171906, Learning Rate: 0.000072
No improvement for 1 epochs. Best loss: 0.168960
Epoch 8/300, Average Loss: 0.170701, Learning Rate: 0.000081
No improvement for 2 epochs. Best loss: 0.168960
Epoch 9/300, Average Loss: 0.167307, Learning Rate: 0.000092
New best model with loss: 0.167307
Epoch 10/300, Average Loss: 0.171480, Learning Rate: 0.000104
No improvement for 1 epochs. Best loss: 0.167307
Epoch 11/300, Average Loss: 0.170587, Learning Rate: 0.000117
No improvement for 2 epochs. Best loss: 0.167307
Epoch 12/300, Average Loss: 0.171359, Learning Rate: 0.000132
No improvement for 3 epochs. Best loss: 0.167307
Epoch 13/300, Average Loss: 0.170251, Learning Rate: 0.000147
No improvement for 4 epochs. Best loss: 0.167307
Epoch 14/300, Average Loss: 0.169962, Learning Rate: 0.000163
No improvement for 5 epochs. Best loss: 0.167307
Epoch 15/300, Average Loss: 0.172226, Learning Rate: 0.000181
No improvement for 6 epochs. Best loss: 0.167307
Epoch 16/300, Average Loss: 0.172663, Learning Rate: 0.000199
No improvement for 7 epochs. Best loss: 0.167307
Epoch 17/300, Average Loss: 0.171988, Learning Rate: 0.000218
No improvement for 8 epochs. Best loss: 0.167307
Epoch 18/300, Average Loss: 0.171499, Learning Rate: 0.000238
No improvement for 9 epochs. Best loss: 0.167307
Epoch 19/300, Average Loss: 0.174365, Learning Rate: 0.000259
No improvement for 10 epochs. Best loss: 0.167307
Epoch 20/300, Average Loss: 0.171931, Learning Rate: 0.000280
No improvement for 11 epochs. Best loss: 0.167307
Epoch 21/300, Average Loss: 0.170399, Learning Rate: 0.000302
No improvement for 12 epochs. Best loss: 0.167307
Epoch 22/300, Average Loss: 0.168815, Learning Rate: 0.000325
No improvement for 13 epochs. Best loss: 0.167307
Epoch 23/300, Average Loss: 0.165082, Learning Rate: 0.000348
New best model with loss: 0.165082
Epoch 24/300, Average Loss: 0.165083, Learning Rate: 0.000372
No improvement for 1 epochs. Best loss: 0.165082
Epoch 25/300, Average Loss: 0.158970, Learning Rate: 0.000396
New best model with loss: 0.158970
Epoch 26/300, Average Loss: 0.159419, Learning Rate: 0.000420
No improvement for 1 epochs. Best loss: 0.158970
Epoch 27/300, Average Loss: 0.151980, Learning Rate: 0.000445
New best model with loss: 0.151980
Epoch 28/300, Average Loss: 0.152558, Learning Rate: 0.000470
No improvement for 1 epochs. Best loss: 0.151980
Epoch 29/300, Average Loss: 0.148083, Learning Rate: 0.000495
New best model with loss: 0.148083
Epoch 30/300, Average Loss: 0.149211, Learning Rate: 0.000520
No improvement for 1 epochs. Best loss: 0.148083
Epoch 31/300, Average Loss: 0.143633, Learning Rate: 0.000545
New best model with loss: 0.143633
Epoch 32/300, Average Loss: 0.144732, Learning Rate: 0.000570
No improvement for 1 epochs. Best loss: 0.143633
Epoch 33/300, Average Loss: 0.140992, Learning Rate: 0.000595
New best model with loss: 0.140992
Epoch 34/300, Average Loss: 0.142708, Learning Rate: 0.000620
No improvement for 1 epochs. Best loss: 0.140992
Epoch 35/300, Average Loss: 0.140135, Learning Rate: 0.000644
New best model with loss: 0.140135
Epoch 36/300, Average Loss: 0.138825, Learning Rate: 0.000668
New best model with loss: 0.138825
Epoch 37/300, Average Loss: 0.138393, Learning Rate: 0.000692
New best model with loss: 0.138393
Epoch 38/300, Average Loss: 0.139501, Learning Rate: 0.000715
No improvement for 1 epochs. Best loss: 0.138393
Epoch 39/300, Average Loss: 0.137252, Learning Rate: 0.000738
New best model with loss: 0.137252
Epoch 40/300, Average Loss: 0.134360, Learning Rate: 0.000760
New best model with loss: 0.134360
Epoch 41/300, Average Loss: 0.135097, Learning Rate: 0.000781
No improvement for 1 epochs. Best loss: 0.134360
Epoch 42/300, Average Loss: 0.133131, Learning Rate: 0.000802
New best model with loss: 0.133131
Epoch 43/300, Average Loss: 0.131274, Learning Rate: 0.000822
New best model with loss: 0.131274
Epoch 44/300, Average Loss: 0.133615, Learning Rate: 0.000841
No improvement for 1 epochs. Best loss: 0.131274
Epoch 45/300, Average Loss: 0.131624, Learning Rate: 0.000859
No improvement for 2 epochs. Best loss: 0.131274
Epoch 46/300, Average Loss: 0.130769, Learning Rate: 0.000877
New best model with loss: 0.130769
Epoch 47/300, Average Loss: 0.129174, Learning Rate: 0.000893
New best model with loss: 0.129174
Epoch 48/300, Average Loss: 0.131523, Learning Rate: 0.000908
No improvement for 1 epochs. Best loss: 0.129174
Epoch 49/300, Average Loss: 0.129277, Learning Rate: 0.000923
No improvement for 2 epochs. Best loss: 0.129174
Epoch 50/300, Average Loss: 0.127152, Learning Rate: 0.000936
New best model with loss: 0.127152
Epoch 51/300, Average Loss: 0.128029, Learning Rate: 0.000948
No improvement for 1 epochs. Best loss: 0.127152
Epoch 52/300, Average Loss: 0.128429, Learning Rate: 0.000959
No improvement for 2 epochs. Best loss: 0.127152
Epoch 53/300, Average Loss: 0.127207, Learning Rate: 0.000968
No improvement for 3 epochs. Best loss: 0.127152
Epoch 54/300, Average Loss: 0.128876, Learning Rate: 0.000977
No improvement for 4 epochs. Best loss: 0.127152
Epoch 55/300, Average Loss: 0.124367, Learning Rate: 0.000984
New best model with loss: 0.124367
Epoch 56/300, Average Loss: 0.124294, Learning Rate: 0.000990
No improvement for 1 epochs. Best loss: 0.124367
Epoch 57/300, Average Loss: 0.124768, Learning Rate: 0.000994
No improvement for 2 epochs. Best loss: 0.124367
Epoch 58/300, Average Loss: 0.122137, Learning Rate: 0.000997
New best model with loss: 0.122137
Epoch 59/300, Average Loss: 0.123696, Learning Rate: 0.000999
No improvement for 1 epochs. Best loss: 0.122137
Epoch 60/300, Average Loss: 0.122848, Learning Rate: 0.001000
No improvement for 2 epochs. Best loss: 0.122137
Epoch 61/300, Average Loss: 0.122109, Learning Rate: 0.001000
No improvement for 3 epochs. Best loss: 0.122137
Epoch 62/300, Average Loss: 0.121703, Learning Rate: 0.001000
New best model with loss: 0.121703
Epoch 63/300, Average Loss: 0.121146, Learning Rate: 0.001000
New best model with loss: 0.121146
Epoch 64/300, Average Loss: 0.121422, Learning Rate: 0.000999
No improvement for 1 epochs. Best loss: 0.121146
Epoch 65/300, Average Loss: 0.118834, Learning Rate: 0.000999
New best model with loss: 0.118834
Epoch 66/300, Average Loss: 0.119948, Learning Rate: 0.000998
No improvement for 1 epochs. Best loss: 0.118834
Epoch 67/300, Average Loss: 0.117387, Learning Rate: 0.000998
New best model with loss: 0.117387
Epoch 68/300, Average Loss: 0.121661, Learning Rate: 0.000997
No improvement for 1 epochs. Best loss: 0.117387
Epoch 69/300, Average Loss: 0.118702, Learning Rate: 0.000997
No improvement for 2 epochs. Best loss: 0.117387
Epoch 70/300, Average Loss: 0.118338, Learning Rate: 0.000996
No improvement for 3 epochs. Best loss: 0.117387
Epoch 71/300, Average Loss: 0.117891, Learning Rate: 0.000995
No improvement for 4 epochs. Best loss: 0.117387
Epoch 72/300, Average Loss: 0.119360, Learning Rate: 0.000994
No improvement for 5 epochs. Best loss: 0.117387
Epoch 73/300, Average Loss: 0.118701, Learning Rate: 0.000993
No improvement for 6 epochs. Best loss: 0.117387
Epoch 74/300, Average Loss: 0.115766, Learning Rate: 0.000992
New best model with loss: 0.115766
Epoch 75/300, Average Loss: 0.118476, Learning Rate: 0.000990
No improvement for 1 epochs. Best loss: 0.115766
Epoch 76/300, Average Loss: 0.117734, Learning Rate: 0.000989
No improvement for 2 epochs. Best loss: 0.115766
Epoch 77/300, Average Loss: 0.116228, Learning Rate: 0.000988
No improvement for 3 epochs. Best loss: 0.115766
Epoch 78/300, Average Loss: 0.116402, Learning Rate: 0.000986
No improvement for 4 epochs. Best loss: 0.115766
Epoch 79/300, Average Loss: 0.115747, Learning Rate: 0.000985
No improvement for 5 epochs. Best loss: 0.115766
Epoch 80/300, Average Loss: 0.114986, Learning Rate: 0.000983
New best model with loss: 0.114986
Epoch 81/300, Average Loss: 0.116551, Learning Rate: 0.000981
No improvement for 1 epochs. Best loss: 0.114986
Epoch 82/300, Average Loss: 0.115749, Learning Rate: 0.000979
No improvement for 2 epochs. Best loss: 0.114986
Epoch 83/300, Average Loss: 0.113906, Learning Rate: 0.000978
New best model with loss: 0.113906
Epoch 84/300, Average Loss: 0.114851, Learning Rate: 0.000976
No improvement for 1 epochs. Best loss: 0.113906
Epoch 85/300, Average Loss: 0.113827, Learning Rate: 0.000974
No improvement for 2 epochs. Best loss: 0.113906
Epoch 86/300, Average Loss: 0.112928, Learning Rate: 0.000971
New best model with loss: 0.112928
Epoch 87/300, Average Loss: 0.113749, Learning Rate: 0.000969
No improvement for 1 epochs. Best loss: 0.112928
Epoch 88/300, Average Loss: 0.112597, Learning Rate: 0.000967
New best model with loss: 0.112597
Epoch 89/300, Average Loss: 0.113365, Learning Rate: 0.000964
No improvement for 1 epochs. Best loss: 0.112597
Epoch 90/300, Average Loss: 0.112170, Learning Rate: 0.000962
New best model with loss: 0.112170
Epoch 91/300, Average Loss: 0.111882, Learning Rate: 0.000959
New best model with loss: 0.111882
Epoch 92/300, Average Loss: 0.111731, Learning Rate: 0.000957
New best model with loss: 0.111731
Epoch 93/300, Average Loss: 0.112895, Learning Rate: 0.000954
No improvement for 1 epochs. Best loss: 0.111731
Epoch 94/300, Average Loss: 0.113181, Learning Rate: 0.000951
No improvement for 2 epochs. Best loss: 0.111731
Epoch 95/300, Average Loss: 0.111270, Learning Rate: 0.000949
New best model with loss: 0.111270
Epoch 96/300, Average Loss: 0.113159, Learning Rate: 0.000946
No improvement for 1 epochs. Best loss: 0.111270
Epoch 97/300, Average Loss: 0.113120, Learning Rate: 0.000943
No improvement for 2 epochs. Best loss: 0.111270
Epoch 98/300, Average Loss: 0.111572, Learning Rate: 0.000940
No improvement for 3 epochs. Best loss: 0.111270
Epoch 99/300, Average Loss: 0.111686, Learning Rate: 0.000936
No improvement for 4 epochs. Best loss: 0.111270
Epoch 100/300, Average Loss: 0.110826, Learning Rate: 0.000933
New best model with loss: 0.110826
Epoch 101/300, Average Loss: 0.111363, Learning Rate: 0.000930
No improvement for 1 epochs. Best loss: 0.110826
Epoch 102/300, Average Loss: 0.111988, Learning Rate: 0.000926
No improvement for 2 epochs. Best loss: 0.110826
Epoch 103/300, Average Loss: 0.110005, Learning Rate: 0.000923
New best model with loss: 0.110005
Epoch 104/300, Average Loss: 0.111494, Learning Rate: 0.000919
No improvement for 1 epochs. Best loss: 0.110005
Epoch 105/300, Average Loss: 0.110138, Learning Rate: 0.000916
No improvement for 2 epochs. Best loss: 0.110005
Epoch 106/300, Average Loss: 0.110758, Learning Rate: 0.000912
No improvement for 3 epochs. Best loss: 0.110005
Epoch 107/300, Average Loss: 0.111050, Learning Rate: 0.000908
No improvement for 4 epochs. Best loss: 0.110005
Epoch 108/300, Average Loss: 0.110361, Learning Rate: 0.000905
No improvement for 5 epochs. Best loss: 0.110005
Epoch 109/300, Average Loss: 0.108840, Learning Rate: 0.000901
New best model with loss: 0.108840
Epoch 110/300, Average Loss: 0.109700, Learning Rate: 0.000897
No improvement for 1 epochs. Best loss: 0.108840
Epoch 111/300, Average Loss: 0.110326, Learning Rate: 0.000893
No improvement for 2 epochs. Best loss: 0.108840
Epoch 112/300, Average Loss: 0.108973, Learning Rate: 0.000889
No improvement for 3 epochs. Best loss: 0.108840
Epoch 113/300, Average Loss: 0.107902, Learning Rate: 0.000885
New best model with loss: 0.107902
Epoch 114/300, Average Loss: 0.109645, Learning Rate: 0.000880
No improvement for 1 epochs. Best loss: 0.107902
Epoch 115/300, Average Loss: 0.107593, Learning Rate: 0.000876
New best model with loss: 0.107593
Epoch 116/300, Average Loss: 0.108305, Learning Rate: 0.000872
No improvement for 1 epochs. Best loss: 0.107593
Epoch 117/300, Average Loss: 0.109408, Learning Rate: 0.000867
No improvement for 2 epochs. Best loss: 0.107593
Epoch 118/300, Average Loss: 0.108567, Learning Rate: 0.000863
No improvement for 3 epochs. Best loss: 0.107593
Epoch 119/300, Average Loss: 0.110387, Learning Rate: 0.000858
No improvement for 4 epochs. Best loss: 0.107593
Epoch 120/300, Average Loss: 0.108843, Learning Rate: 0.000854
No improvement for 5 epochs. Best loss: 0.107593
Epoch 121/300, Average Loss: 0.107769, Learning Rate: 0.000849
No improvement for 6 epochs. Best loss: 0.107593
Epoch 122/300, Average Loss: 0.108229, Learning Rate: 0.000844
No improvement for 7 epochs. Best loss: 0.107593
Epoch 123/300, Average Loss: 0.108153, Learning Rate: 0.000840
No improvement for 8 epochs. Best loss: 0.107593
Epoch 124/300, Average Loss: 0.108090, Learning Rate: 0.000835
No improvement for 9 epochs. Best loss: 0.107593
Epoch 125/300, Average Loss: 0.105157, Learning Rate: 0.000830
New best model with loss: 0.105157
Epoch 126/300, Average Loss: 0.106791, Learning Rate: 0.000825
No improvement for 1 epochs. Best loss: 0.105157
Epoch 127/300, Average Loss: 0.108270, Learning Rate: 0.000820
No improvement for 2 epochs. Best loss: 0.105157
Epoch 128/300, Average Loss: 0.107416, Learning Rate: 0.000815
No improvement for 3 epochs. Best loss: 0.105157
Epoch 129/300, Average Loss: 0.107847, Learning Rate: 0.000810
No improvement for 4 epochs. Best loss: 0.105157
Epoch 130/300, Average Loss: 0.107708, Learning Rate: 0.000805
No improvement for 5 epochs. Best loss: 0.105157
Epoch 131/300, Average Loss: 0.107271, Learning Rate: 0.000799
No improvement for 6 epochs. Best loss: 0.105157
Epoch 132/300, Average Loss: 0.106276, Learning Rate: 0.000794
No improvement for 7 epochs. Best loss: 0.105157
Epoch 133/300, Average Loss: 0.105822, Learning Rate: 0.000789
No improvement for 8 epochs. Best loss: 0.105157
Epoch 134/300, Average Loss: 0.106480, Learning Rate: 0.000784
No improvement for 9 epochs. Best loss: 0.105157
Epoch 135/300, Average Loss: 0.105862, Learning Rate: 0.000778
No improvement for 10 epochs. Best loss: 0.105157
Epoch 136/300, Average Loss: 0.105059, Learning Rate: 0.000773
No improvement for 11 epochs. Best loss: 0.105157
Epoch 137/300, Average Loss: 0.105895, Learning Rate: 0.000767
No improvement for 12 epochs. Best loss: 0.105157
Epoch 138/300, Average Loss: 0.106121, Learning Rate: 0.000762
No improvement for 13 epochs. Best loss: 0.105157
Epoch 139/300, Average Loss: 0.103341, Learning Rate: 0.000756
New best model with loss: 0.103341
Epoch 140/300, Average Loss: 0.103209, Learning Rate: 0.000750
New best model with loss: 0.103209
Epoch 141/300, Average Loss: 0.104942, Learning Rate: 0.000745
No improvement for 1 epochs. Best loss: 0.103209
Epoch 142/300, Average Loss: 0.105120, Learning Rate: 0.000739
No improvement for 2 epochs. Best loss: 0.103209
Epoch 143/300, Average Loss: 0.104884, Learning Rate: 0.000733
No improvement for 3 epochs. Best loss: 0.103209
Epoch 144/300, Average Loss: 0.103570, Learning Rate: 0.000727
No improvement for 4 epochs. Best loss: 0.103209
Epoch 145/300, Average Loss: 0.104575, Learning Rate: 0.000722
No improvement for 5 epochs. Best loss: 0.103209
Epoch 146/300, Average Loss: 0.105493, Learning Rate: 0.000716
No improvement for 6 epochs. Best loss: 0.103209
Epoch 147/300, Average Loss: 0.101918, Learning Rate: 0.000710
New best model with loss: 0.101918
Epoch 148/300, Average Loss: 0.102739, Learning Rate: 0.000704
No improvement for 1 epochs. Best loss: 0.101918
Epoch 149/300, Average Loss: 0.103561, Learning Rate: 0.000698
No improvement for 2 epochs. Best loss: 0.101918
Epoch 150/300, Average Loss: 0.102589, Learning Rate: 0.000692
No improvement for 3 epochs. Best loss: 0.101918
Epoch 151/300, Average Loss: 0.101937, Learning Rate: 0.000686
No improvement for 4 epochs. Best loss: 0.101918
Epoch 152/300, Average Loss: 0.103656, Learning Rate: 0.000680
No improvement for 5 epochs. Best loss: 0.101918
Epoch 153/300, Average Loss: 0.102080, Learning Rate: 0.000674
No improvement for 6 epochs. Best loss: 0.101918
Epoch 154/300, Average Loss: 0.103540, Learning Rate: 0.000667
No improvement for 7 epochs. Best loss: 0.101918
Epoch 155/300, Average Loss: 0.103845, Learning Rate: 0.000661
No improvement for 8 epochs. Best loss: 0.101918
Epoch 156/300, Average Loss: 0.101607, Learning Rate: 0.000655
New best model with loss: 0.101607
Epoch 157/300, Average Loss: 0.102030, Learning Rate: 0.000649
No improvement for 1 epochs. Best loss: 0.101607
Epoch 158/300, Average Loss: 0.103577, Learning Rate: 0.000643
No improvement for 2 epochs. Best loss: 0.101607
Epoch 159/300, Average Loss: 0.102969, Learning Rate: 0.000636
No improvement for 3 epochs. Best loss: 0.101607
Epoch 160/300, Average Loss: 0.102448, Learning Rate: 0.000630
No improvement for 4 epochs. Best loss: 0.101607
Epoch 161/300, Average Loss: 0.102531, Learning Rate: 0.000624
No improvement for 5 epochs. Best loss: 0.101607
Epoch 162/300, Average Loss: 0.102167, Learning Rate: 0.000617
No improvement for 6 epochs. Best loss: 0.101607
Epoch 163/300, Average Loss: 0.101641, Learning Rate: 0.000611
No improvement for 7 epochs. Best loss: 0.101607
Epoch 164/300, Average Loss: 0.101753, Learning Rate: 0.000605
No improvement for 8 epochs. Best loss: 0.101607
Epoch 165/300, Average Loss: 0.102965, Learning Rate: 0.000598
No improvement for 9 epochs. Best loss: 0.101607
Epoch 166/300, Average Loss: 0.100122, Learning Rate: 0.000592
New best model with loss: 0.100122
Epoch 167/300, Average Loss: 0.100897, Learning Rate: 0.000585
No improvement for 1 epochs. Best loss: 0.100122
Epoch 168/300, Average Loss: 0.101306, Learning Rate: 0.000579
No improvement for 2 epochs. Best loss: 0.100122
Epoch 169/300, Average Loss: 0.099572, Learning Rate: 0.000572
New best model with loss: 0.099572
Epoch 170/300, Average Loss: 0.101182, Learning Rate: 0.000566
No improvement for 1 epochs. Best loss: 0.099572
Epoch 171/300, Average Loss: 0.101495, Learning Rate: 0.000559
No improvement for 2 epochs. Best loss: 0.099572
Epoch 172/300, Average Loss: 0.100221, Learning Rate: 0.000553
No improvement for 3 epochs. Best loss: 0.099572
Epoch 173/300, Average Loss: 0.100079, Learning Rate: 0.000546
No improvement for 4 epochs. Best loss: 0.099572
Epoch 174/300, Average Loss: 0.099052, Learning Rate: 0.000540
New best model with loss: 0.099052
Epoch 175/300, Average Loss: 0.100543, Learning Rate: 0.000533
No improvement for 1 epochs. Best loss: 0.099052
Epoch 176/300, Average Loss: 0.100056, Learning Rate: 0.000527
No improvement for 2 epochs. Best loss: 0.099052
Epoch 177/300, Average Loss: 0.099145, Learning Rate: 0.000520
No improvement for 3 epochs. Best loss: 0.099052
Epoch 178/300, Average Loss: 0.100491, Learning Rate: 0.000514
No improvement for 4 epochs. Best loss: 0.099052
Epoch 179/300, Average Loss: 0.099741, Learning Rate: 0.000507
No improvement for 5 epochs. Best loss: 0.099052
Epoch 180/300, Average Loss: 0.099602, Learning Rate: 0.000501
No improvement for 6 epochs. Best loss: 0.099052
Epoch 181/300, Average Loss: 0.099840, Learning Rate: 0.000494
No improvement for 7 epochs. Best loss: 0.099052
Epoch 182/300, Average Loss: 0.098252, Learning Rate: 0.000488
New best model with loss: 0.098252
Epoch 183/300, Average Loss: 0.099466, Learning Rate: 0.000481
No improvement for 1 epochs. Best loss: 0.098252
Epoch 184/300, Average Loss: 0.098258, Learning Rate: 0.000475
No improvement for 2 epochs. Best loss: 0.098252
Epoch 185/300, Average Loss: 0.098632, Learning Rate: 0.000468
No improvement for 3 epochs. Best loss: 0.098252
Epoch 186/300, Average Loss: 0.099255, Learning Rate: 0.000462
No improvement for 4 epochs. Best loss: 0.098252
Epoch 187/300, Average Loss: 0.099028, Learning Rate: 0.000455
No improvement for 5 epochs. Best loss: 0.098252
Epoch 188/300, Average Loss: 0.097303, Learning Rate: 0.000449
New best model with loss: 0.097303
Epoch 189/300, Average Loss: 0.098056, Learning Rate: 0.000442
No improvement for 1 epochs. Best loss: 0.097303
Epoch 190/300, Average Loss: 0.098033, Learning Rate: 0.000436
No improvement for 2 epochs. Best loss: 0.097303
Epoch 191/300, Average Loss: 0.097326, Learning Rate: 0.000429
No improvement for 3 epochs. Best loss: 0.097303
Epoch 192/300, Average Loss: 0.098671, Learning Rate: 0.000423
No improvement for 4 epochs. Best loss: 0.097303
Epoch 193/300, Average Loss: 0.098817, Learning Rate: 0.000416
No improvement for 5 epochs. Best loss: 0.097303
Epoch 194/300, Average Loss: 0.097115, Learning Rate: 0.000410
New best model with loss: 0.097115
Epoch 195/300, Average Loss: 0.096344, Learning Rate: 0.000403
New best model with loss: 0.096344
Epoch 196/300, Average Loss: 0.096602, Learning Rate: 0.000397
No improvement for 1 epochs. Best loss: 0.096344
Epoch 197/300, Average Loss: 0.096302, Learning Rate: 0.000391
No improvement for 2 epochs. Best loss: 0.096344
Epoch 198/300, Average Loss: 0.094952, Learning Rate: 0.000384
New best model with loss: 0.094952
Epoch 199/300, Average Loss: 0.097423, Learning Rate: 0.000378
No improvement for 1 epochs. Best loss: 0.094952
Epoch 200/300, Average Loss: 0.097811, Learning Rate: 0.000372
No improvement for 2 epochs. Best loss: 0.094952
Epoch 201/300, Average Loss: 0.096159, Learning Rate: 0.000365
No improvement for 3 epochs. Best loss: 0.094952
Epoch 202/300, Average Loss: 0.097587, Learning Rate: 0.000359
No improvement for 4 epochs. Best loss: 0.094952
Epoch 203/300, Average Loss: 0.096142, Learning Rate: 0.000353
No improvement for 5 epochs. Best loss: 0.094952
Epoch 204/300, Average Loss: 0.095416, Learning Rate: 0.000347
No improvement for 6 epochs. Best loss: 0.094952
Epoch 205/300, Average Loss: 0.096982, Learning Rate: 0.000340
No improvement for 7 epochs. Best loss: 0.094952
Epoch 206/300, Average Loss: 0.097103, Learning Rate: 0.000334
No improvement for 8 epochs. Best loss: 0.094952
Epoch 207/300, Average Loss: 0.097770, Learning Rate: 0.000328
No improvement for 9 epochs. Best loss: 0.094952
Epoch 208/300, Average Loss: 0.095915, Learning Rate: 0.000322
No improvement for 10 epochs. Best loss: 0.094952
Epoch 209/300, Average Loss: 0.095508, Learning Rate: 0.000316
No improvement for 11 epochs. Best loss: 0.094952
Epoch 210/300, Average Loss: 0.097801, Learning Rate: 0.000310
No improvement for 12 epochs. Best loss: 0.094952
Epoch 211/300, Average Loss: 0.095465, Learning Rate: 0.000304
No improvement for 13 epochs. Best loss: 0.094952
Epoch 212/300, Average Loss: 0.095826, Learning Rate: 0.000298
No improvement for 14 epochs. Best loss: 0.094952
Epoch 213/300, Average Loss: 0.095300, Learning Rate: 0.000292
No improvement for 15 epochs. Best loss: 0.094952
Epoch 214/300, Average Loss: 0.095209, Learning Rate: 0.000286
No improvement for 16 epochs. Best loss: 0.094952
Epoch 215/300, Average Loss: 0.095192, Learning Rate: 0.000280
No improvement for 17 epochs. Best loss: 0.094952
Epoch 216/300, Average Loss: 0.095520, Learning Rate: 0.000274
No improvement for 18 epochs. Best loss: 0.094952
Epoch 217/300, Average Loss: 0.095168, Learning Rate: 0.000268
No improvement for 19 epochs. Best loss: 0.094952
Epoch 218/300, Average Loss: 0.096940, Learning Rate: 0.000263
No improvement for 20 epochs. Best loss: 0.094952
Epoch 219/300, Average Loss: 0.094676, Learning Rate: 0.000257
New best model with loss: 0.094676
Epoch 220/300, Average Loss: 0.096104, Learning Rate: 0.000251
No improvement for 1 epochs. Best loss: 0.094676
Epoch 221/300, Average Loss: 0.093943, Learning Rate: 0.000246
New best model with loss: 0.093943
Epoch 222/300, Average Loss: 0.094438, Learning Rate: 0.000240
No improvement for 1 epochs. Best loss: 0.093943
Epoch 223/300, Average Loss: 0.096843, Learning Rate: 0.000234
No improvement for 2 epochs. Best loss: 0.093943
Epoch 224/300, Average Loss: 0.094342, Learning Rate: 0.000229
No improvement for 3 epochs. Best loss: 0.093943
Epoch 225/300, Average Loss: 0.093365, Learning Rate: 0.000223
New best model with loss: 0.093365
Epoch 226/300, Average Loss: 0.095677, Learning Rate: 0.000218
No improvement for 1 epochs. Best loss: 0.093365
Epoch 227/300, Average Loss: 0.094266, Learning Rate: 0.000213
No improvement for 2 epochs. Best loss: 0.093365
Epoch 228/300, Average Loss: 0.093498, Learning Rate: 0.000207
No improvement for 3 epochs. Best loss: 0.093365
Epoch 229/300, Average Loss: 0.092591, Learning Rate: 0.000202
New best model with loss: 0.092591
Epoch 230/300, Average Loss: 0.092869, Learning Rate: 0.000197
No improvement for 1 epochs. Best loss: 0.092591
Epoch 231/300, Average Loss: 0.092999, Learning Rate: 0.000192
No improvement for 2 epochs. Best loss: 0.092591
Epoch 232/300, Average Loss: 0.095249, Learning Rate: 0.000187
No improvement for 3 epochs. Best loss: 0.092591
Epoch 233/300, Average Loss: 0.093808, Learning Rate: 0.000182
No improvement for 4 epochs. Best loss: 0.092591
Epoch 234/300, Average Loss: 0.095063, Learning Rate: 0.000177
No improvement for 5 epochs. Best loss: 0.092591
Epoch 235/300, Average Loss: 0.093066, Learning Rate: 0.000172
No improvement for 6 epochs. Best loss: 0.092591
Epoch 236/300, Average Loss: 0.091251, Learning Rate: 0.000167
New best model with loss: 0.091251
Epoch 237/300, Average Loss: 0.093762, Learning Rate: 0.000162
No improvement for 1 epochs. Best loss: 0.091251
Epoch 238/300, Average Loss: 0.094305, Learning Rate: 0.000157
No improvement for 2 epochs. Best loss: 0.091251
Epoch 239/300, Average Loss: 0.092424, Learning Rate: 0.000152
No improvement for 3 epochs. Best loss: 0.091251
Epoch 240/300, Average Loss: 0.091967, Learning Rate: 0.000148
No improvement for 4 epochs. Best loss: 0.091251
Epoch 241/300, Average Loss: 0.092632, Learning Rate: 0.000143
No improvement for 5 epochs. Best loss: 0.091251
Epoch 242/300, Average Loss: 0.092682, Learning Rate: 0.000139
No improvement for 6 epochs. Best loss: 0.091251
Epoch 243/300, Average Loss: 0.093843, Learning Rate: 0.000134
No improvement for 7 epochs. Best loss: 0.091251
Epoch 244/300, Average Loss: 0.092743, Learning Rate: 0.000130
No improvement for 8 epochs. Best loss: 0.091251
Epoch 245/300, Average Loss: 0.091424, Learning Rate: 0.000125
No improvement for 9 epochs. Best loss: 0.091251
Epoch 246/300, Average Loss: 0.093517, Learning Rate: 0.000121
No improvement for 10 epochs. Best loss: 0.091251
Epoch 247/300, Average Loss: 0.092049, Learning Rate: 0.000117
No improvement for 11 epochs. Best loss: 0.091251
Epoch 248/300, Average Loss: 0.092488, Learning Rate: 0.000113
No improvement for 12 epochs. Best loss: 0.091251
Epoch 249/300, Average Loss: 0.092030, Learning Rate: 0.000109
No improvement for 13 epochs. Best loss: 0.091251
Epoch 250/300, Average Loss: 0.092191, Learning Rate: 0.000105
No improvement for 14 epochs. Best loss: 0.091251
Epoch 251/300, Average Loss: 0.093691, Learning Rate: 0.000101
No improvement for 15 epochs. Best loss: 0.091251
Epoch 252/300, Average Loss: 0.092761, Learning Rate: 0.000097
No improvement for 16 epochs. Best loss: 0.091251
Epoch 253/300, Average Loss: 0.092757, Learning Rate: 0.000093
No improvement for 17 epochs. Best loss: 0.091251
Epoch 254/300, Average Loss: 0.093594, Learning Rate: 0.000089
No improvement for 18 epochs. Best loss: 0.091251
Epoch 255/300, Average Loss: 0.092794, Learning Rate: 0.000086
No improvement for 19 epochs. Best loss: 0.091251
Epoch 256/300, Average Loss: 0.091863, Learning Rate: 0.000082
No improvement for 20 epochs. Best loss: 0.091251
Epoch 257/300, Average Loss: 0.093123, Learning Rate: 0.000079
No improvement for 21 epochs. Best loss: 0.091251
Epoch 258/300, Average Loss: 0.092677, Learning Rate: 0.000075
No improvement for 22 epochs. Best loss: 0.091251
Epoch 259/300, Average Loss: 0.091039, Learning Rate: 0.000072
New best model with loss: 0.091039
Epoch 260/300, Average Loss: 0.092399, Learning Rate: 0.000068
No improvement for 1 epochs. Best loss: 0.091039
Epoch 261/300, Average Loss: 0.090659, Learning Rate: 0.000065
New best model with loss: 0.090659
Epoch 262/300, Average Loss: 0.093027, Learning Rate: 0.000062
No improvement for 1 epochs. Best loss: 0.090659
Epoch 263/300, Average Loss: 0.091691, Learning Rate: 0.000059
No improvement for 2 epochs. Best loss: 0.090659
Epoch 264/300, Average Loss: 0.091332, Learning Rate: 0.000056
No improvement for 3 epochs. Best loss: 0.090659
Epoch 265/300, Average Loss: 0.090695, Learning Rate: 0.000053
No improvement for 4 epochs. Best loss: 0.090659
Epoch 266/300, Average Loss: 0.092601, Learning Rate: 0.000050
No improvement for 5 epochs. Best loss: 0.090659
Epoch 267/300, Average Loss: 0.091144, Learning Rate: 0.000047
No improvement for 6 epochs. Best loss: 0.090659
Epoch 268/300, Average Loss: 0.091335, Learning Rate: 0.000045
No improvement for 7 epochs. Best loss: 0.090659
Epoch 269/300, Average Loss: 0.092538, Learning Rate: 0.000042
No improvement for 8 epochs. Best loss: 0.090659
Epoch 270/300, Average Loss: 0.091535, Learning Rate: 0.000040
No improvement for 9 epochs. Best loss: 0.090659
Epoch 271/300, Average Loss: 0.092064, Learning Rate: 0.000037
No improvement for 10 epochs. Best loss: 0.090659
Epoch 272/300, Average Loss: 0.093375, Learning Rate: 0.000035
No improvement for 11 epochs. Best loss: 0.090659
Epoch 273/300, Average Loss: 0.092367, Learning Rate: 0.000032
No improvement for 12 epochs. Best loss: 0.090659
Epoch 274/300, Average Loss: 0.090982, Learning Rate: 0.000030
No improvement for 13 epochs. Best loss: 0.090659
Epoch 275/300, Average Loss: 0.091611, Learning Rate: 0.000028
No improvement for 14 epochs. Best loss: 0.090659
Epoch 276/300, Average Loss: 0.091054, Learning Rate: 0.000026
No improvement for 15 epochs. Best loss: 0.090659
Epoch 277/300, Average Loss: 0.090857, Learning Rate: 0.000024
No improvement for 16 epochs. Best loss: 0.090659
Epoch 278/300, Average Loss: 0.091477, Learning Rate: 0.000022
No improvement for 17 epochs. Best loss: 0.090659
Epoch 279/300, Average Loss: 0.091400, Learning Rate: 0.000020
No improvement for 18 epochs. Best loss: 0.090659
Epoch 280/300, Average Loss: 0.090705, Learning Rate: 0.000019
No improvement for 19 epochs. Best loss: 0.090659
Epoch 281/300, Average Loss: 0.090696, Learning Rate: 0.000017
No improvement for 20 epochs. Best loss: 0.090659
Epoch 282/300, Average Loss: 0.092375, Learning Rate: 0.000015
No improvement for 21 epochs. Best loss: 0.090659
Epoch 283/300, Average Loss: 0.091556, Learning Rate: 0.000014
No improvement for 22 epochs. Best loss: 0.090659
Epoch 284/300, Average Loss: 0.090258, Learning Rate: 0.000013
New best model with loss: 0.090258
Epoch 285/300, Average Loss: 0.092949, Learning Rate: 0.000011
No improvement for 1 epochs. Best loss: 0.090258
Epoch 286/300, Average Loss: 0.091981, Learning Rate: 0.000010
No improvement for 2 epochs. Best loss: 0.090258
Epoch 287/300, Average Loss: 0.089601, Learning Rate: 0.000009
New best model with loss: 0.089601
Epoch 288/300, Average Loss: 0.090945, Learning Rate: 0.000008
No improvement for 1 epochs. Best loss: 0.089601
Epoch 289/300, Average Loss: 0.092419, Learning Rate: 0.000007
No improvement for 2 epochs. Best loss: 0.089601
Epoch 290/300, Average Loss: 0.090308, Learning Rate: 0.000006
No improvement for 3 epochs. Best loss: 0.089601
Epoch 291/300, Average Loss: 0.090722, Learning Rate: 0.000005
No improvement for 4 epochs. Best loss: 0.089601
Epoch 292/300, Average Loss: 0.090686, Learning Rate: 0.000004
No improvement for 5 epochs. Best loss: 0.089601
Epoch 293/300, Average Loss: 0.092020, Learning Rate: 0.000004
No improvement for 6 epochs. Best loss: 0.089601
Epoch 294/300, Average Loss: 0.092159, Learning Rate: 0.000003
No improvement for 7 epochs. Best loss: 0.089601
Epoch 295/300, Average Loss: 0.092581, Learning Rate: 0.000003
No improvement for 8 epochs. Best loss: 0.089601
Epoch 296/300, Average Loss: 0.092192, Learning Rate: 0.000002
No improvement for 9 epochs. Best loss: 0.089601
Epoch 297/300, Average Loss: 0.091066, Learning Rate: 0.000002
No improvement for 10 epochs. Best loss: 0.089601
Epoch 298/300, Average Loss: 0.092139, Learning Rate: 0.000002
No improvement for 11 epochs. Best loss: 0.089601
/beegfs/HPCscratch/kreuer/CAMDA_25/generators/EmbeddedDiffusion/main.py:58: FutureWarning: Downcasting behavior in `replace` is deprecated and will be removed in a future version. To retain the old behavior, explicitly call `result.infer_objects(copy=False)`. To opt-in to the future behavior, set `pd.set_option('future.no_silent_downcasting', True)`
  self.y_train = y_train.replace(self.label_mapping).values
Epoch 299/300, Average Loss: 0.090901, Learning Rate: 0.000002
No improvement for 12 epochs. Best loss: 0.089601
Model saved to /beegfs/HPCscratch/kreuer/CAMDA_25/models/embedded_diffusion_5.pth
Generating 356 samples for label 0...
Generating 334 samples for label 1...
Generating 249 samples for label 2...
Generating 124 samples for label 3...
Generating 600 samples for label 4...
Generating 136 samples for label 4...
Generating 331 samples for label 6...
Generating 120 samples for label 7...
Generating 197 samples for label 8...
Generating 352 samples for label 9...
Generating 308 samples for label 10...
Generating 283 samples for label 5...
Generating 69 samples for label 11...
Synthetic data saved in /beegfs/HPCscratch/kreuer/CAMDA_25/data/TCGA-COMBINED/synthetic/embedded_diffusion/combined_5.
